"Running Make libs in ps7_cortexa9_0/libsrc/hwicap_v11_1/src"
make -C ps7_cortexa9_0/libsrc/hwicap_v11_1/src -s libs  "SHELL=CMD" "COMPILER=arm-none-eabi-gcc" "ARCHIVER=arm-none-eabi-ar" "COMPILER_FLAGS=  -O2 -c" "EXTRA_COMPILER_FLAGS=-mcpu=cortex-a9 -mfpu=vfpv3 -mfloat-abi=hard -nostartfiles -Wall -Wextra"
"Compiling hwicap"
"Running Make libs in ps7_cortexa9_0/libsrc/IP_wrapper_v1_0/src"
make -C ps7_cortexa9_0/libsrc/IP_wrapper_v1_0/src -s libs  "SHELL=CMD" "COMPILER=arm-none-eabi-gcc" "ARCHIVER=arm-none-eabi-ar" "COMPILER_FLAGS=  -O2 -c" "EXTRA_COMPILER_FLAGS=-mcpu=cortex-a9 -mfpu=vfpv3 -mfloat-abi=hard -nostartfiles -Wall -Wextra"
"Compiling IP_wrapper..."
IP_wrapper_selftest.c: In function 'IP_WRAPPER_Reg_SelfTest':
IP_wrapper_selftest.c:52:59: warning: comparison between signed and unsigned integer expressions [-Wsign-compare]
    if ( IP_WRAPPER_mReadReg (baseaddr, read_loop_index*4) != (read_loop_index+1)*READ_WRITE_MUL_FACTOR){
                                                           ^~
IP_wrapper_selftest.c:36:6: warning: unused variable 'Index' [-Wunused-variable]
  int Index;
      ^~~~~
"Running Make libs in ps7_cortexa9_0/libsrc/qspips_v3_4/src"
make -C ps7_cortexa9_0/libsrc/qspips_v3_4/src -s libs  "SHELL=CMD" "COMPILER=arm-none-eabi-gcc" "ARCHIVER=arm-none-eabi-ar" "COMPILER_FLAGS=  -O2 -c" "EXTRA_COMPILER_FLAGS=-mcpu=cortex-a9 -mfpu=vfpv3 -mfloat-abi=hard -nostartfiles -Wall -Wextra"
"Compiling qspips"
"Running Make libs in ps7_cortexa9_0/libsrc/scugic_v3_8/src"
make -C ps7_cortexa9_0/libsrc/scugic_v3_8/src -s libs  "SHELL=CMD" "COMPILER=arm-none-eabi-gcc" "ARCHIVER=arm-none-eabi-ar" "COMPILER_FLAGS=  -O2 -c" "EXTRA_COMPILER_FLAGS=-mcpu=cortex-a9 -mfpu=vfpv3 -mfloat-abi=hard -nostartfiles -Wall -Wextra"
"Compiling scugic"
"Running Make libs in ps7_cortexa9_0/libsrc/scutimer_v2_1/src"
make -C ps7_cortexa9_0/libsrc/scutimer_v2_1/src -s libs  "SHELL=CMD" "COMPILER=arm-none-eabi-gcc" "ARCHIVER=arm-none-eabi-ar" "COMPILER_FLAGS=  -O2 -c" "EXTRA_COMPILER_FLAGS=-mcpu=cortex-a9 -mfpu=vfpv3 -mfloat-abi=hard -nostartfiles -Wall -Wextra"
"Compiling scutimer"
"Running Make libs in ps7_cortexa9_0/libsrc/scuwdt_v2_1/src"
make -C ps7_cortexa9_0/libsrc/scuwdt_v2_1/src -s libs  "SHELL=CMD" "COMPILER=arm-none-eabi-gcc" "ARCHIVER=arm-none-eabi-ar" "COMPILER_FLAGS=  -O2 -c" "EXTRA_COMPILER_FLAGS=-mcpu=cortex-a9 -mfpu=vfpv3 -mfloat-abi=hard -nostartfiles -Wall -Wextra"
"Compiling scuwdt"
"Running Make libs in ps7_cortexa9_0/libsrc/sdps_v3_3/src"
make -C ps7_cortexa9_0/libsrc/sdps_v3_3/src -s libs  "SHELL=CMD" "COMPILER=arm-none-eabi-gcc" "ARCHIVER=arm-none-eabi-ar" "COMPILER_FLAGS=  -O2 -c" "EXTRA_COMPILER_FLAGS=-mcpu=cortex-a9 -mfpu=vfpv3 -mfloat-abi=hard -nostartfiles -Wall -Wextra"
"Compiling sdps"
"Running Make libs in ps7_cortexa9_0/libsrc/standalone_v6_5/src"
make -C ps7_cortexa9_0/libsrc/standalone_v6_5/src -s libs  "SHELL=CMD" "COMPILER=arm-none-eabi-gcc" "ARCHIVER=arm-none-eabi-ar" "COMPILER_FLAGS=  -O2 -c" "EXTRA_COMPILER_FLAGS=-mcpu=cortex-a9 -mfpu=vfpv3 -mfloat-abi=hard -nostartfiles -Wall -Wextra"
"Compiling standalone"
"Running Make libs in ps7_cortexa9_0/libsrc/ttcps_v3_5/src"
make -C ps7_cortexa9_0/libsrc/ttcps_v3_5/src -s libs  "SHELL=CMD" "COMPILER=arm-none-eabi-gcc" "ARCHIVER=arm-none-eabi-ar" "COMPILER_FLAGS=  -O2 -c" "EXTRA_COMPILER_FLAGS=-mcpu=cortex-a9 -mfpu=vfpv3 -mfloat-abi=hard -nostartfiles -Wall -Wextra"
"Compiling ttcps"
"Running Make libs in ps7_cortexa9_0/libsrc/uartps_v3_5/src"
make -C ps7_cortexa9_0/libsrc/uartps_v3_5/src -s libs  "SHELL=CMD" "COMPILER=arm-none-eabi-gcc" "ARCHIVER=arm-none-eabi-ar" "COMPILER_FLAGS=  -O2 -c" "EXTRA_COMPILER_FLAGS=-mcpu=cortex-a9 -mfpu=vfpv3 -mfloat-abi=hard -nostartfiles -Wall -Wextra"
"Compiling uartps"
"Running Make libs in ps7_cortexa9_0/libsrc/usbps_v2_4/src"
make -C ps7_cortexa9_0/libsrc/usbps_v2_4/src -s libs  "SHELL=CMD" "COMPILER=arm-none-eabi-gcc" "ARCHIVER=arm-none-eabi-ar" "COMPILER_FLAGS=  -O2 -c" "EXTRA_COMPILER_FLAGS=-mcpu=cortex-a9 -mfpu=vfpv3 -mfloat-abi=hard -nostartfiles -Wall -Wextra"
"Compiling usbps"
"Running Make libs in ps7_cortexa9_0/libsrc/xadcps_v2_2/src"
make -C ps7_cortexa9_0/libsrc/xadcps_v2_2/src -s libs  "SHELL=CMD" "COMPILER=arm-none-eabi-gcc" "ARCHIVER=arm-none-eabi-ar" "COMPILER_FLAGS=  -O2 -c" "EXTRA_COMPILER_FLAGS=-mcpu=cortex-a9 -mfpu=vfpv3 -mfloat-abi=hard -nostartfiles -Wall -Wextra"
"Compiling xadcps"
'Finished building libraries'
11:28:24 **** Clean-only build of configuration Debug for project multiblock_sch_app ****
make clean 
rm -rf  ./src/PR_executer.o ./src/aes_checker.o ./src/bfs_checker.o ./src/fft_checker.o ./src/fft_profiling.o ./src/gemm_checker.o ./src/helloworld.o ./src/kmp_checker.o ./src/platform.o ./src/scheduler.o ./src/sha_checker.o ./src/sha_profiling.o ./src/sort_checker.o ./src/sort_profiling.o ./src/spmv_checking.o ./src/stencil_checker.o  ./src/PR_executer.d ./src/aes_checker.d ./src/bfs_checker.d ./src/fft_checker.d ./src/fft_profiling.d ./src/gemm_checker.d ./src/helloworld.d ./src/kmp_checker.d ./src/platform.d ./src/scheduler.d ./src/sha_checker.d ./src/sha_profiling.d ./src/sort_checker.d ./src/sort_profiling.d ./src/spmv_checking.d ./src/stencil_checker.d  multiblock_sch_app.elf.size  multiblock_sch_app.elf
' '
11:28:24 **** Clean-only build of project multiblock_sch_app_bsp ****
make -k clean 
make -C ps7_cortexa9_0/libsrc/coresightps_dcc_v1_4/src -s clean 
make -C ps7_cortexa9_0/libsrc/cpu_cortexa9_v2_5/src -s clean 
make -C ps7_cortexa9_0/libsrc/ddrps_v1_0/src -s clean 
make -C ps7_cortexa9_0/libsrc/devcfg_v3_5/src -s clean 
make -C ps7_cortexa9_0/libsrc/dmaps_v2_3/src -s clean 
make -C ps7_cortexa9_0/libsrc/emacps_v3_6/src -s clean 
make -C ps7_cortexa9_0/libsrc/gpiops_v3_3/src -s clean 
make -C ps7_cortexa9_0/libsrc/hwicap_v11_1/src -s clean 
make -C ps7_cortexa9_0/libsrc/IP_wrapper_v1_0/src -s clean 
rm: cannot lstat `*.o': Invalid argument
make[1]: *** [clean] Error 1
make: *** [ps7_cortexa9_0/libsrc/IP_wrapper_v1_0/src/make.clean] Error 2
make -C ps7_cortexa9_0/libsrc/qspips_v3_4/src -s clean 
make -C ps7_cortexa9_0/libsrc/scugic_v3_8/src -s clean 
make -C ps7_cortexa9_0/libsrc/scutimer_v2_1/src -s clean 
make -C ps7_cortexa9_0/libsrc/scuwdt_v2_1/src -s clean 
make -C ps7_cortexa9_0/libsrc/sdps_v3_3/src -s clean 
make -C ps7_cortexa9_0/libsrc/standalone_v6_5/src -s clean 
make -C ps7_cortexa9_0/libsrc/ttcps_v3_5/src -s clean 
make -C ps7_cortexa9_0/libsrc/uartps_v3_5/src -s clean 
make -C ps7_cortexa9_0/libsrc/usbps_v2_4/src -s clean 
make -C ps7_cortexa9_0/libsrc/xadcps_v2_2/src -s clean 
make: Target `clean' not remade because of errors.
11:28:50 **** Build of project multiblock_sch_app_bsp ****
make -k all 
"Running Make include in ps7_cortexa9_0/libsrc/coresightps_dcc_v1_4/src"
make -C ps7_cortexa9_0/libsrc/coresightps_dcc_v1_4/src -s include  "SHELL=CMD" "COMPILER=arm-none-eabi-gcc" "ARCHIVER=arm-none-eabi-ar" "COMPILER_FLAGS=  -O2 -c" "EXTRA_COMPILER_FLAGS=-mcpu=cortex-a9 -mfpu=vfpv3 -mfloat-abi=hard -nostartfiles -Wall -Wextra"
"Running Make include in ps7_cortexa9_0/libsrc/cpu_cortexa9_v2_5/src"
make -C ps7_cortexa9_0/libsrc/cpu_cortexa9_v2_5/src -s include  "SHELL=CMD" "COMPILER=arm-none-eabi-gcc" "ARCHIVER=arm-none-eabi-ar" "COMPILER_FLAGS=  -O2 -c" "EXTRA_COMPILER_FLAGS=-mcpu=cortex-a9 -mfpu=vfpv3 -mfloat-abi=hard -nostartfiles -Wall -Wextra"
"Running Make include in ps7_cortexa9_0/libsrc/ddrps_v1_0/src"
make -C ps7_cortexa9_0/libsrc/ddrps_v1_0/src -s include  "SHELL=CMD" "COMPILER=arm-none-eabi-gcc" "ARCHIVER=arm-none-eabi-ar" "COMPILER_FLAGS=  -O2 -c" "EXTRA_COMPILER_FLAGS=-mcpu=cortex-a9 -mfpu=vfpv3 -mfloat-abi=hard -nostartfiles -Wall -Wextra"
"Running Make include in ps7_cortexa9_0/libsrc/devcfg_v3_5/src"
make -C ps7_cortexa9_0/libsrc/devcfg_v3_5/src -s include  "SHELL=CMD" "COMPILER=arm-none-eabi-gcc" "ARCHIVER=arm-none-eabi-ar" "COMPILER_FLAGS=  -O2 -c" "EXTRA_COMPILER_FLAGS=-mcpu=cortex-a9 -mfpu=vfpv3 -mfloat-abi=hard -nostartfiles -Wall -Wextra"
"Running Make include in ps7_cortexa9_0/libsrc/dmaps_v2_3/src"
make -C ps7_cortexa9_0/libsrc/dmaps_v2_3/src -s include  "SHELL=CMD" "COMPILER=arm-none-eabi-gcc" "ARCHIVER=arm-none-eabi-ar" "COMPILER_FLAGS=  -O2 -c" "EXTRA_COMPILER_FLAGS=-mcpu=cortex-a9 -mfpu=vfpv3 -mfloat-abi=hard -nostartfiles -Wall -Wextra"
"Running Make include in ps7_cortexa9_0/libsrc/emacps_v3_6/src"
make -C ps7_cortexa9_0/libsrc/emacps_v3_6/src -s include  "SHELL=CMD" "COMPILER=arm-none-eabi-gcc" "ARCHIVER=arm-none-eabi-ar" "COMPILER_FLAGS=  -O2 -c" "EXTRA_COMPILER_FLAGS=-mcpu=cortex-a9 -mfpu=vfpv3 -mfloat-abi=hard -nostartfiles -Wall -Wextra"
"Running Make include in ps7_cortexa9_0/libsrc/gpiops_v3_3/src"
make -C ps7_cortexa9_0/libsrc/gpiops_v3_3/src -s include  "SHELL=CMD" "COMPILER=arm-none-eabi-gcc" "ARCHIVER=arm-none-eabi-ar" "COMPILER_FLAGS=  -O2 -c" "EXTRA_COMPILER_FLAGS=-mcpu=cortex-a9 -mfpu=vfpv3 -mfloat-abi=hard -nostartfiles -Wall -Wextra"
"Running Make include in ps7_cortexa9_0/libsrc/hwicap_v11_1/src"
make -C ps7_cortexa9_0/libsrc/hwicap_v11_1/src -s include  "SHELL=CMD" "COMPILER=arm-none-eabi-gcc" "ARCHIVER=arm-none-eabi-ar" "COMPILER_FLAGS=  -O2 -c" "EXTRA_COMPILER_FLAGS=-mcpu=cortex-a9 -mfpu=vfpv3 -mfloat-abi=hard -nostartfiles -Wall -Wextra"
"Running Make include in ps7_cortexa9_0/libsrc/IP_wrapper_v1_0/src"
make -C ps7_cortexa9_0/libsrc/IP_wrapper_v1_0/src -s include  "SHELL=CMD" "COMPILER=arm-none-eabi-gcc" "ARCHIVER=arm-none-eabi-ar" "COMPILER_FLAGS=  -O2 -c" "EXTRA_COMPILER_FLAGS=-mcpu=cortex-a9 -mfpu=vfpv3 -mfloat-abi=hard -nostartfiles -Wall -Wextra"
"Running Make include in ps7_cortexa9_0/libsrc/qspips_v3_4/src"
make -C ps7_cortexa9_0/libsrc/qspips_v3_4/src -s include  "SHELL=CMD" "COMPILER=arm-none-eabi-gcc" "ARCHIVER=arm-none-eabi-ar" "COMPILER_FLAGS=  -O2 -c" "EXTRA_COMPILER_FLAGS=-mcpu=cortex-a9 -mfpu=vfpv3 -mfloat-abi=hard -nostartfiles -Wall -Wextra"
"Running Make include in ps7_cortexa9_0/libsrc/scugic_v3_8/src"
make -C ps7_cortexa9_0/libsrc/scugic_v3_8/src -s include  "SHELL=CMD" "COMPILER=arm-none-eabi-gcc" "ARCHIVER=arm-none-eabi-ar" "COMPILER_FLAGS=  -O2 -c" "EXTRA_COMPILER_FLAGS=-mcpu=cortex-a9 -mfpu=vfpv3 -mfloat-abi=hard -nostartfiles -Wall -Wextra"
"Running Make include in ps7_cortexa9_0/libsrc/scutimer_v2_1/src"
make -C ps7_cortexa9_0/libsrc/scutimer_v2_1/src -s include  "SHELL=CMD" "COMPILER=arm-none-eabi-gcc" "ARCHIVER=arm-none-eabi-ar" "COMPILER_FLAGS=  -O2 -c" "EXTRA_COMPILER_FLAGS=-mcpu=cortex-a9 -mfpu=vfpv3 -mfloat-abi=hard -nostartfiles -Wall -Wextra"
"Running Make include in ps7_cortexa9_0/libsrc/scuwdt_v2_1/src"
make -C ps7_cortexa9_0/libsrc/scuwdt_v2_1/src -s include  "SHELL=CMD" "COMPILER=arm-none-eabi-gcc" "ARCHIVER=arm-none-eabi-ar" "COMPILER_FLAGS=  -O2 -c" "EXTRA_COMPILER_FLAGS=-mcpu=cortex-a9 -mfpu=vfpv3 -mfloat-abi=hard -nostartfiles -Wall -Wextra"
"Running Make include in ps7_cortexa9_0/libsrc/sdps_v3_3/src"
make -C ps7_cortexa9_0/libsrc/sdps_v3_3/src -s include  "SHELL=CMD" "COMPILER=arm-none-eabi-gcc" "ARCHIVER=arm-none-eabi-ar" "COMPILER_FLAGS=  -O2 -c" "EXTRA_COMPILER_FLAGS=-mcpu=cortex-a9 -mfpu=vfpv3 -mfloat-abi=hard -nostartfiles -Wall -Wextra"
"Running Make include in ps7_cortexa9_0/libsrc/standalone_v6_5/src"
make -C ps7_cortexa9_0/libsrc/standalone_v6_5/src -s include  "SHELL=CMD" "COMPILER=arm-none-eabi-gcc" "ARCHIVER=arm-none-eabi-ar" "COMPILER_FLAGS=  -O2 -c" "EXTRA_COMPILER_FLAGS=-mcpu=cortex-a9 -mfpu=vfpv3 -mfloat-abi=hard -nostartfiles -Wall -Wextra"
"Running Make include in ps7_cortexa9_0/libsrc/ttcps_v3_5/src"
make -C ps7_cortexa9_0/libsrc/ttcps_v3_5/src -s include  "SHELL=CMD" "COMPILER=arm-none-eabi-gcc" "ARCHIVER=arm-none-eabi-ar" "COMPILER_FLAGS=  -O2 -c" "EXTRA_COMPILER_FLAGS=-mcpu=cortex-a9 -mfpu=vfpv3 -mfloat-abi=hard -nostartfiles -Wall -Wextra"
"Running Make include in ps7_cortexa9_0/libsrc/uartps_v3_5/src"
make -C ps7_cortexa9_0/libsrc/uartps_v3_5/src -s include  "SHELL=CMD" "COMPILER=arm-none-eabi-gcc" "ARCHIVER=arm-none-eabi-ar" "COMPILER_FLAGS=  -O2 -c" "EXTRA_COMPILER_FLAGS=-mcpu=cortex-a9 -mfpu=vfpv3 -mfloat-abi=hard -nostartfiles -Wall -Wextra"
"Running Make include in ps7_cortexa9_0/libsrc/usbps_v2_4/src"
make -C ps7_cortexa9_0/libsrc/usbps_v2_4/src -s include  "SHELL=CMD" "COMPILER=arm-none-eabi-gcc" "ARCHIVER=arm-none-eabi-ar" "COMPILER_FLAGS=  -O2 -c" "EXTRA_COMPILER_FLAGS=-mcpu=cortex-a9 -mfpu=vfpv3 -mfloat-abi=hard -nostartfiles -Wall -Wextra"
"Running Make include in ps7_cortexa9_0/libsrc/xadcps_v2_2/src"
make -C ps7_cortexa9_0/libsrc/xadcps_v2_2/src -s include  "SHELL=CMD" "COMPILER=arm-none-eabi-gcc" "ARCHIVER=arm-none-eabi-ar" "COMPILER_FLAGS=  -O2 -c" "EXTRA_COMPILER_FLAGS=-mcpu=cortex-a9 -mfpu=vfpv3 -mfloat-abi=hard -nostartfiles -Wall -Wextra"
"Running Make include in ps7_cortexa9_0/libsrc/xilffs_v3_7/src"
make -C ps7_cortexa9_0/libsrc/xilffs_v3_7/src -s include  "SHELL=CMD" "COMPILER=arm-none-eabi-gcc" "ARCHIVER=arm-none-eabi-ar" "COMPILER_FLAGS=  -O2 -c" "EXTRA_COMPILER_FLAGS=-mcpu=cortex-a9 -mfpu=vfpv3 -mfloat-abi=hard -nostartfiles -Wall -Wextra"
"Running Make include in ps7_cortexa9_0/libsrc/xilmfs_v2_3/src"
make -C ps7_cortexa9_0/libsrc/xilmfs_v2_3/src -s include  "SHELL=CMD" "COMPILER=arm-none-eabi-gcc" "ARCHIVER=arm-none-eabi-ar" "COMPILER_FLAGS=  -O2 -c" "EXTRA_COMPILER_FLAGS=-mcpu=cortex-a9 -mfpu=vfpv3 -mfloat-abi=hard -nostartfiles -Wall -Wextra"
"Running Make libs in ps7_cortexa9_0/libsrc/coresightps_dcc_v1_4/src"
make -C ps7_cortexa9_0/libsrc/coresightps_dcc_v1_4/src -s libs  "SHELL=CMD" "COMPILER=arm-none-eabi-gcc" "ARCHIVER=arm-none-eabi-ar" "COMPILER_FLAGS=  -O2 -c" "EXTRA_COMPILER_FLAGS=-mcpu=cortex-a9 -mfpu=vfpv3 -mfloat-abi=hard -nostartfiles -Wall -Wextra"
"Compiling coresightps_dcc"
arm-none-eabi-ar: creating ../../../lib/libxil.a
"Running Make libs in ps7_cortexa9_0/libsrc/cpu_cortexa9_v2_5/src"
make -C ps7_cortexa9_0/libsrc/cpu_cortexa9_v2_5/src -s libs  "SHELL=CMD" "COMPILER=arm-none-eabi-gcc" "ARCHIVER=arm-none-eabi-ar" "COMPILER_FLAGS=  -O2 -c" "EXTRA_COMPILER_FLAGS=-mcpu=cortex-a9 -mfpu=vfpv3 -mfloat-abi=hard -nostartfiles -Wall -Wextra"
"Compiling cpu_cortexa9"
"Running Make libs in ps7_cortexa9_0/libsrc/ddrps_v1_0/src"
make -C ps7_cortexa9_0/libsrc/ddrps_v1_0/src -s libs  "SHELL=CMD" "COMPILER=arm-none-eabi-gcc" "ARCHIVER=arm-none-eabi-ar" "COMPILER_FLAGS=  -O2 -c" "EXTRA_COMPILER_FLAGS=-mcpu=cortex-a9 -mfpu=vfpv3 -mfloat-abi=hard -nostartfiles -Wall -Wextra"
"Compiling ddrps"
"Running Make libs in ps7_cortexa9_0/libsrc/devcfg_v3_5/src"
make -C ps7_cortexa9_0/libsrc/devcfg_v3_5/src -s libs  "SHELL=CMD" "COMPILER=arm-none-eabi-gcc" "ARCHIVER=arm-none-eabi-ar" "COMPILER_FLAGS=  -O2 -c" "EXTRA_COMPILER_FLAGS=-mcpu=cortex-a9 -mfpu=vfpv3 -mfloat-abi=hard -nostartfiles -Wall -Wextra"
"Compiling devcfg"
Command canceled
11:28:55 **** Build of project multiblock_sch_app_bsp ****
make -k all 
"Running Make include in ps7_cortexa9_0/libsrc/coresightps_dcc_v1_4/src"
make -C ps7_cortexa9_0/libsrc/coresightps_dcc_v1_4/src -s include  "SHELL=CMD" "COMPILER=arm-none-eabi-gcc" "ARCHIVER=arm-none-eabi-ar" "COMPILER_FLAGS=  -O2 -c" "EXTRA_COMPILER_FLAGS=-mcpu=cortex-a9 -mfpu=vfpv3 -mfloat-abi=hard -nostartfiles -Wall -Wextra"
"Running Make include in ps7_cortexa9_0/libsrc/cpu_cortexa9_v2_5/src"
make -C ps7_cortexa9_0/libsrc/cpu_cortexa9_v2_5/src -s include  "SHELL=CMD" "COMPILER=arm-none-eabi-gcc" "ARCHIVER=arm-none-eabi-ar" "COMPILER_FLAGS=  -O2 -c" "EXTRA_COMPILER_FLAGS=-mcpu=cortex-a9 -mfpu=vfpv3 -mfloat-abi=hard -nostartfiles -Wall -Wextra"
"Running Make include in ps7_cortexa9_0/libsrc/ddrps_v1_0/src"
make -C ps7_cortexa9_0/libsrc/ddrps_v1_0/src -s include  "SHELL=CMD" "COMPILER=arm-none-eabi-gcc" "ARCHIVER=arm-none-eabi-ar" "COMPILER_FLAGS=  -O2 -c" "EXTRA_COMPILER_FLAGS=-mcpu=cortex-a9 -mfpu=vfpv3 -mfloat-abi=hard -nostartfiles -Wall -Wextra"
"Running Make include in ps7_cortexa9_0/libsrc/devcfg_v3_5/src"
make -C ps7_cortexa9_0/libsrc/devcfg_v3_5/src -s include  "SHELL=CMD" "COMPILER=arm-none-eabi-gcc" "ARCHIVER=arm-none-eabi-ar" "COMPILER_FLAGS=  -O2 -c" "EXTRA_COMPILER_FLAGS=-mcpu=cortex-a9 -mfpu=vfpv3 -mfloat-abi=hard -nostartfiles -Wall -Wextra"
"Running Make include in ps7_cortexa9_0/libsrc/dmaps_v2_3/src"
make -C ps7_cortexa9_0/libsrc/dmaps_v2_3/src -s include  "SHELL=CMD" "COMPILER=arm-none-eabi-gcc" "ARCHIVER=arm-none-eabi-ar" "COMPILER_FLAGS=  -O2 -c" "EXTRA_COMPILER_FLAGS=-mcpu=cortex-a9 -mfpu=vfpv3 -mfloat-abi=hard -nostartfiles -Wall -Wextra"
"Running Make include in ps7_cortexa9_0/libsrc/emacps_v3_6/src"
make -C ps7_cortexa9_0/libsrc/emacps_v3_6/src -s include  "SHELL=CMD" "COMPILER=arm-none-eabi-gcc" "ARCHIVER=arm-none-eabi-ar" "COMPILER_FLAGS=  -O2 -c" "EXTRA_COMPILER_FLAGS=-mcpu=cortex-a9 -mfpu=vfpv3 -mfloat-abi=hard -nostartfiles -Wall -Wextra"
"Running Make include in ps7_cortexa9_0/libsrc/gpiops_v3_3/src"
make -C ps7_cortexa9_0/libsrc/gpiops_v3_3/src -s include  "SHELL=CMD" "COMPILER=arm-none-eabi-gcc" "ARCHIVER=arm-none-eabi-ar" "COMPILER_FLAGS=  -O2 -c" "EXTRA_COMPILER_FLAGS=-mcpu=cortex-a9 -mfpu=vfpv3 -mfloat-abi=hard -nostartfiles -Wall -Wextra"
"Running Make include in ps7_cortexa9_0/libsrc/hwicap_v11_1/src"
make -C ps7_cortexa9_0/libsrc/hwicap_v11_1/src -s include  "SHELL=CMD" "COMPILER=arm-none-eabi-gcc" "ARCHIVER=arm-none-eabi-ar" "COMPILER_FLAGS=  -O2 -c" "EXTRA_COMPILER_FLAGS=-mcpu=cortex-a9 -mfpu=vfpv3 -mfloat-abi=hard -nostartfiles -Wall -Wextra"
"Running Make include in ps7_cortexa9_0/libsrc/IP_wrapper_v1_0/src"
make -C ps7_cortexa9_0/libsrc/IP_wrapper_v1_0/src -s include  "SHELL=CMD" "COMPILER=arm-none-eabi-gcc" "ARCHIVER=arm-none-eabi-ar" "COMPILER_FLAGS=  -O2 -c" "EXTRA_COMPILER_FLAGS=-mcpu=cortex-a9 -mfpu=vfpv3 -mfloat-abi=hard -nostartfiles -Wall -Wextra"
"Running Make include in ps7_cortexa9_0/libsrc/qspips_v3_4/src"
make -C ps7_cortexa9_0/libsrc/qspips_v3_4/src -s include  "SHELL=CMD" "COMPILER=arm-none-eabi-gcc" "ARCHIVER=arm-none-eabi-ar" "COMPILER_FLAGS=  -O2 -c" "EXTRA_COMPILER_FLAGS=-mcpu=cortex-a9 -mfpu=vfpv3 -mfloat-abi=hard -nostartfiles -Wall -Wextra"
"Running Make include in ps7_cortexa9_0/libsrc/scugic_v3_8/src"
make -C ps7_cortexa9_0/libsrc/scugic_v3_8/src -s include  "SHELL=CMD" "COMPILER=arm-none-eabi-gcc" "ARCHIVER=arm-none-eabi-ar" "COMPILER_FLAGS=  -O2 -c" "EXTRA_COMPILER_FLAGS=-mcpu=cortex-a9 -mfpu=vfpv3 -mfloat-abi=hard -nostartfiles -Wall -Wextra"
"Running Make include in ps7_cortexa9_0/libsrc/scutimer_v2_1/src"
make -C ps7_cortexa9_0/libsrc/scutimer_v2_1/src -s include  "SHELL=CMD" "COMPILER=arm-none-eabi-gcc" "ARCHIVER=arm-none-eabi-ar" "COMPILER_FLAGS=  -O2 -c" "EXTRA_COMPILER_FLAGS=-mcpu=cortex-a9 -mfpu=vfpv3 -mfloat-abi=hard -nostartfiles -Wall -Wextra"
"Running Make include in ps7_cortexa9_0/libsrc/scuwdt_v2_1/src"
make -C ps7_cortexa9_0/libsrc/scuwdt_v2_1/src -s include  "SHELL=CMD" "COMPILER=arm-none-eabi-gcc" "ARCHIVER=arm-none-eabi-ar" "COMPILER_FLAGS=  -O2 -c" "EXTRA_COMPILER_FLAGS=-mcpu=cortex-a9 -mfpu=vfpv3 -mfloat-abi=hard -nostartfiles -Wall -Wextra"
"Running Make include in ps7_cortexa9_0/libsrc/sdps_v3_3/src"
make -C ps7_cortexa9_0/libsrc/sdps_v3_3/src -s include  "SHELL=CMD" "COMPILER=arm-none-eabi-gcc" "ARCHIVER=arm-none-eabi-ar" "COMPILER_FLAGS=  -O2 -c" "EXTRA_COMPILER_FLAGS=-mcpu=cortex-a9 -mfpu=vfpv3 -mfloat-abi=hard -nostartfiles -Wall -Wextra"
"Running Make include in ps7_cortexa9_0/libsrc/standalone_v6_5/src"
make -C ps7_cortexa9_0/libsrc/standalone_v6_5/src -s include  "SHELL=CMD" "COMPILER=arm-none-eabi-gcc" "ARCHIVER=arm-none-eabi-ar" "COMPILER_FLAGS=  -O2 -c" "EXTRA_COMPILER_FLAGS=-mcpu=cortex-a9 -mfpu=vfpv3 -mfloat-abi=hard -nostartfiles -Wall -Wextra"
"Running Make include in ps7_cortexa9_0/libsrc/ttcps_v3_5/src"
make -C ps7_cortexa9_0/libsrc/ttcps_v3_5/src -s include  "SHELL=CMD" "COMPILER=arm-none-eabi-gcc" "ARCHIVER=arm-none-eabi-ar" "COMPILER_FLAGS=  -O2 -c" "EXTRA_COMPILER_FLAGS=-mcpu=cortex-a9 -mfpu=vfpv3 -mfloat-abi=hard -nostartfiles -Wall -Wextra"
"Running Make include in ps7_cortexa9_0/libsrc/uartps_v3_5/src"
make -C ps7_cortexa9_0/libsrc/uartps_v3_5/src -s include  "SHELL=CMD" "COMPILER=arm-none-eabi-gcc" "ARCHIVER=arm-none-eabi-ar" "COMPILER_FLAGS=  -O2 -c" "EXTRA_COMPILER_FLAGS=-mcpu=cortex-a9 -mfpu=vfpv3 -mfloat-abi=hard -nostartfiles -Wall -Wextra"
"Running Make include in ps7_cortexa9_0/libsrc/usbps_v2_4/src"
make -C ps7_cortexa9_0/libsrc/usbps_v2_4/src -s include  "SHELL=CMD" "COMPILER=arm-none-eabi-gcc" "ARCHIVER=arm-none-eabi-ar" "COMPILER_FLAGS=  -O2 -c" "EXTRA_COMPILER_FLAGS=-mcpu=cortex-a9 -mfpu=vfpv3 -mfloat-abi=hard -nostartfiles -Wall -Wextra"
"Running Make include in ps7_cortexa9_0/libsrc/xadcps_v2_2/src"
make -C ps7_cortexa9_0/libsrc/xadcps_v2_2/src -s include  "SHELL=CMD" "COMPILER=arm-none-eabi-gcc" "ARCHIVER=arm-none-eabi-ar" "COMPILER_FLAGS=  -O2 -c" "EXTRA_COMPILER_FLAGS=-mcpu=cortex-a9 -mfpu=vfpv3 -mfloat-abi=hard -nostartfiles -Wall -Wextra"
"Running Make include in ps7_cortexa9_0/libsrc/xilffs_v3_7/src"
make -C ps7_cortexa9_0/libsrc/xilffs_v3_7/src -s include  "SHELL=CMD" "COMPILER=arm-none-eabi-gcc" "ARCHIVER=arm-none-eabi-ar" "COMPILER_FLAGS=  -O2 -c" "EXTRA_COMPILER_FLAGS=-mcpu=cortex-a9 -mfpu=vfpv3 -mfloat-abi=hard -nostartfiles -Wall -Wextra"
"Running Make include in ps7_cortexa9_0/libsrc/xilmfs_v2_3/src"
make -C ps7_cortexa9_0/libsrc/xilmfs_v2_3/src -s include  "SHELL=CMD" "COMPILER=arm-none-eabi-gcc" "ARCHIVER=arm-none-eabi-ar" "COMPILER_FLAGS=  -O2 -c" "EXTRA_COMPILER_FLAGS=-mcpu=cortex-a9 -mfpu=vfpv3 -mfloat-abi=hard -nostartfiles -Wall -Wextra"
"Running Make libs in ps7_cortexa9_0/libsrc/coresightps_dcc_v1_4/src"
make -C ps7_cortexa9_0/libsrc/coresightps_dcc_v1_4/src -s libs  "SHELL=CMD" "COMPILER=arm-none-eabi-gcc" "ARCHIVER=arm-none-eabi-ar" "COMPILER_FLAGS=  -O2 -c" "EXTRA_COMPILER_FLAGS=-mcpu=cortex-a9 -mfpu=vfpv3 -mfloat-abi=hard -nostartfiles -Wall -Wextra"
"Compiling coresightps_dcc"
"Running Make libs in ps7_cortexa9_0/libsrc/cpu_cortexa9_v2_5/src"
make -C ps7_cortexa9_0/libsrc/cpu_cortexa9_v2_5/src -s libs  "SHELL=CMD" "COMPILER=arm-none-eabi-gcc" "ARCHIVER=arm-none-eabi-ar" "COMPILER_FLAGS=  -O2 -c" "EXTRA_COMPILER_FLAGS=-mcpu=cortex-a9 -mfpu=vfpv3 -mfloat-abi=hard -nostartfiles -Wall -Wextra"
"Compiling cpu_cortexa9"
"Running Make libs in ps7_cortexa9_0/libsrc/ddrps_v1_0/src"
make -C ps7_cortexa9_0/libsrc/ddrps_v1_0/src -s libs  "SHELL=CMD" "COMPILER=arm-none-eabi-gcc" "ARCHIVER=arm-none-eabi-ar" "COMPILER_FLAGS=  -O2 -c" "EXTRA_COMPILER_FLAGS=-mcpu=cortex-a9 -mfpu=vfpv3 -mfloat-abi=hard -nostartfiles -Wall -Wextra"
"Compiling ddrps"
"Running Make libs in ps7_cortexa9_0/libsrc/devcfg_v3_5/src"
make -C ps7_cortexa9_0/libsrc/devcfg_v3_5/src -s libs  "SHELL=CMD" "COMPILER=arm-none-eabi-gcc" "ARCHIVER=arm-none-eabi-ar" "COMPILER_FLAGS=  -O2 -c" "EXTRA_COMPILER_FLAGS=-mcpu=cortex-a9 -mfpu=vfpv3 -mfloat-abi=hard -nostartfiles -Wall -Wextra"
"Compiling devcfg"
"Running Make libs in ps7_cortexa9_0/libsrc/dmaps_v2_3/src"
make -C ps7_cortexa9_0/libsrc/dmaps_v2_3/src -s libs  "SHELL=CMD" "COMPILER=arm-none-eabi-gcc" "ARCHIVER=arm-none-eabi-ar" "COMPILER_FLAGS=  -O2 -c" "EXTRA_COMPILER_FLAGS=-mcpu=cortex-a9 -mfpu=vfpv3 -mfloat-abi=hard -nostartfiles -Wall -Wextra"
"Compiling dmaps"
"Running Make libs in ps7_cortexa9_0/libsrc/emacps_v3_6/src"
make -C ps7_cortexa9_0/libsrc/emacps_v3_6/src -s libs  "SHELL=CMD" "COMPILER=arm-none-eabi-gcc" "ARCHIVER=arm-none-eabi-ar" "COMPILER_FLAGS=  -O2 -c" "EXTRA_COMPILER_FLAGS=-mcpu=cortex-a9 -mfpu=vfpv3 -mfloat-abi=hard -nostartfiles -Wall -Wextra"
"Compiling emacps"
"Running Make libs in ps7_cortexa9_0/libsrc/gpiops_v3_3/src"
make -C ps7_cortexa9_0/libsrc/gpiops_v3_3/src -s libs  "SHELL=CMD" "COMPILER=arm-none-eabi-gcc" "ARCHIVER=arm-none-eabi-ar" "COMPILER_FLAGS=  -O2 -c" "EXTRA_COMPILER_FLAGS=-mcpu=cortex-a9 -mfpu=vfpv3 -mfloat-abi=hard -nostartfiles -Wall -Wextra"
"Compiling gpiops"
"Running Make libs in ps7_cortexa9_0/libsrc/hwicap_v11_1/src"
make -C ps7_cortexa9_0/libsrc/hwicap_v11_1/src -s libs  "SHELL=CMD" "COMPILER=arm-none-eabi-gcc" "ARCHIVER=arm-none-eabi-ar" "COMPILER_FLAGS=  -O2 -c" "EXTRA_COMPILER_FLAGS=-mcpu=cortex-a9 -mfpu=vfpv3 -mfloat-abi=hard -nostartfiles -Wall -Wextra"
"Compiling hwicap"
"Running Make libs in ps7_cortexa9_0/libsrc/IP_wrapper_v1_0/src"
make -C ps7_cortexa9_0/libsrc/IP_wrapper_v1_0/src -s libs  "SHELL=CMD" "COMPILER=arm-none-eabi-gcc" "ARCHIVER=arm-none-eabi-ar" "COMPILER_FLAGS=  -O2 -c" "EXTRA_COMPILER_FLAGS=-mcpu=cortex-a9 -mfpu=vfpv3 -mfloat-abi=hard -nostartfiles -Wall -Wextra"
"Compiling IP_wrapper..."
IP_wrapper_selftest.c: In function 'IP_WRAPPER_Reg_SelfTest':
IP_wrapper_selftest.c:52:59: warning: comparison between signed and unsigned integer expressions [-Wsign-compare]
    if ( IP_WRAPPER_mReadReg (baseaddr, read_loop_index*4) != (read_loop_index+1)*READ_WRITE_MUL_FACTOR){
                                                           ^~
IP_wrapper_selftest.c:36:6: warning: unused variable 'Index' [-Wunused-variable]
  int Index;
      ^~~~~
"Running Make libs in ps7_cortexa9_0/libsrc/qspips_v3_4/src"
make -C ps7_cortexa9_0/libsrc/qspips_v3_4/src -s libs  "SHELL=CMD" "COMPILER=arm-none-eabi-gcc" "ARCHIVER=arm-none-eabi-ar" "COMPILER_FLAGS=  -O2 -c" "EXTRA_COMPILER_FLAGS=-mcpu=cortex-a9 -mfpu=vfpv3 -mfloat-abi=hard -nostartfiles -Wall -Wextra"
"Compiling qspips"
"Running Make libs in ps7_cortexa9_0/libsrc/scugic_v3_8/src"
make -C ps7_cortexa9_0/libsrc/scugic_v3_8/src -s libs  "SHELL=CMD" "COMPILER=arm-none-eabi-gcc" "ARCHIVER=arm-none-eabi-ar" "COMPILER_FLAGS=  -O2 -c" "EXTRA_COMPILER_FLAGS=-mcpu=cortex-a9 -mfpu=vfpv3 -mfloat-abi=hard -nostartfiles -Wall -Wextra"
"Compiling scugic"
"Running Make libs in ps7_cortexa9_0/libsrc/scutimer_v2_1/src"
make -C ps7_cortexa9_0/libsrc/scutimer_v2_1/src -s libs  "SHELL=CMD" "COMPILER=arm-none-eabi-gcc" "ARCHIVER=arm-none-eabi-ar" "COMPILER_FLAGS=  -O2 -c" "EXTRA_COMPILER_FLAGS=-mcpu=cortex-a9 -mfpu=vfpv3 -mfloat-abi=hard -nostartfiles -Wall -Wextra"
"Compiling scutimer"
"Running Make libs in ps7_cortexa9_0/libsrc/scuwdt_v2_1/src"
make -C ps7_cortexa9_0/libsrc/scuwdt_v2_1/src -s libs  "SHELL=CMD" "COMPILER=arm-none-eabi-gcc" "ARCHIVER=arm-none-eabi-ar" "COMPILER_FLAGS=  -O2 -c" "EXTRA_COMPILER_FLAGS=-mcpu=cortex-a9 -mfpu=vfpv3 -mfloat-abi=hard -nostartfiles -Wall -Wextra"
"Compiling scuwdt"
"Running Make libs in ps7_cortexa9_0/libsrc/sdps_v3_3/src"
make -C ps7_cortexa9_0/libsrc/sdps_v3_3/src -s libs  "SHELL=CMD" "COMPILER=arm-none-eabi-gcc" "ARCHIVER=arm-none-eabi-ar" "COMPILER_FLAGS=  -O2 -c" "EXTRA_COMPILER_FLAGS=-mcpu=cortex-a9 -mfpu=vfpv3 -mfloat-abi=hard -nostartfiles -Wall -Wextra"
"Compiling sdps"
"Running Make libs in ps7_cortexa9_0/libsrc/standalone_v6_5/src"
make -C ps7_cortexa9_0/libsrc/standalone_v6_5/src -s libs  "SHELL=CMD" "COMPILER=arm-none-eabi-gcc" "ARCHIVER=arm-none-eabi-ar" "COMPILER_FLAGS=  -O2 -c" "EXTRA_COMPILER_FLAGS=-mcpu=cortex-a9 -mfpu=vfpv3 -mfloat-abi=hard -nostartfiles -Wall -Wextra"
"Compiling standalone"
"Running Make libs in ps7_cortexa9_0/libsrc/ttcps_v3_5/src"
make -C ps7_cortexa9_0/libsrc/ttcps_v3_5/src -s libs  "SHELL=CMD" "COMPILER=arm-none-eabi-gcc" "ARCHIVER=arm-none-eabi-ar" "COMPILER_FLAGS=  -O2 -c" "EXTRA_COMPILER_FLAGS=-mcpu=cortex-a9 -mfpu=vfpv3 -mfloat-abi=hard -nostartfiles -Wall -Wextra"
"Compiling ttcps"
"Running Make libs in ps7_cortexa9_0/libsrc/uartps_v3_5/src"
make -C ps7_cortexa9_0/libsrc/uartps_v3_5/src -s libs  "SHELL=CMD" "COMPILER=arm-none-eabi-gcc" "ARCHIVER=arm-none-eabi-ar" "COMPILER_FLAGS=  -O2 -c" "EXTRA_COMPILER_FLAGS=-mcpu=cortex-a9 -mfpu=vfpv3 -mfloat-abi=hard -nostartfiles -Wall -Wextra"
"Compiling uartps"
"Running Make libs in ps7_cortexa9_0/libsrc/usbps_v2_4/src"
make -C ps7_cortexa9_0/libsrc/usbps_v2_4/src -s libs  "SHELL=CMD" "COMPILER=arm-none-eabi-gcc" "ARCHIVER=arm-none-eabi-ar" "COMPILER_FLAGS=  -O2 -c" "EXTRA_COMPILER_FLAGS=-mcpu=cortex-a9 -mfpu=vfpv3 -mfloat-abi=hard -nostartfiles -Wall -Wextra"
"Compiling usbps"
"Running Make libs in ps7_cortexa9_0/libsrc/xadcps_v2_2/src"
make -C ps7_cortexa9_0/libsrc/xadcps_v2_2/src -s libs  "SHELL=CMD" "COMPILER=arm-none-eabi-gcc" "ARCHIVER=arm-none-eabi-ar" "COMPILER_FLAGS=  -O2 -c" "EXTRA_COMPILER_FLAGS=-mcpu=cortex-a9 -mfpu=vfpv3 -mfloat-abi=hard -nostartfiles -Wall -Wextra"
"Compiling xadcps"
"Running Make libs in ps7_cortexa9_0/libsrc/xilffs_v3_7/src"
make -C ps7_cortexa9_0/libsrc/xilffs_v3_7/src -s libs  "SHELL=CMD" "COMPILER=arm-none-eabi-gcc" "ARCHIVER=arm-none-eabi-ar" "COMPILER_FLAGS=  -O2 -c" "EXTRA_COMPILER_FLAGS=-mcpu=cortex-a9 -mfpu=vfpv3 -mfloat-abi=hard -nostartfiles -Wall -Wextra"
"Compiling XilFFs Library"
diskio.c:135:11: warning: 'ExtCsd' defined but not used [-Wunused-variable]
 static u8 ExtCsd[512] __attribute__ ((aligned(32)));
           ^~~~~~
ff.c: In function 'find_volume':
ff.c:2610:4: warning: dereferencing type-punned pointer will break strict-aliasing rules [-Wstrict-aliasing]
    && (LD_DWORD(fs->win+FSI_LeadSig) == 0x41615252U)
    ^~
"Running Make libs in ps7_cortexa9_0/libsrc/xilmfs_v2_3/src"
make -C ps7_cortexa9_0/libsrc/xilmfs_v2_3/src -s libs  "SHELL=CMD" "COMPILER=arm-none-eabi-gcc" "ARCHIVER=arm-none-eabi-ar" "COMPILER_FLAGS=  -O2 -c" "EXTRA_COMPILER_FLAGS=-mcpu=cortex-a9 -mfpu=vfpv3 -mfloat-abi=hard -nostartfiles -Wall -Wextra"
"Compiling XilMFS Library"
mfs_filesys.c: In function 'mfs_file_lseek':
mfs_filesys.c:1010:16: warning: comparison between signed and unsigned integer expressions [-Wsign-compare]
     if (offset >= mfs_file_system[mfs_open_files[fd].first_block].block_size) { /* attempting to seek beyond end of file */
                ^~
'Finished building libraries'
11:29:13 **** Clean-only build of configuration Debug for project multiblock_sch_app ****
make clean 
rm -rf  ./src/PR_executer.o ./src/aes_checker.o ./src/bfs_checker.o ./src/fft_checker.o ./src/fft_profiling.o ./src/gemm_checker.o ./src/helloworld.o ./src/kmp_checker.o ./src/platform.o ./src/scheduler.o ./src/sha_checker.o ./src/sha_profiling.o ./src/sort_checker.o ./src/sort_profiling.o ./src/spmv_checking.o ./src/stencil_checker.o  ./src/PR_executer.d ./src/aes_checker.d ./src/bfs_checker.d ./src/fft_checker.d ./src/fft_profiling.d ./src/gemm_checker.d ./src/helloworld.d ./src/kmp_checker.d ./src/platform.d ./src/scheduler.d ./src/sha_checker.d ./src/sha_profiling.d ./src/sort_checker.d ./src/sort_profiling.d ./src/spmv_checking.d ./src/stencil_checker.d  multiblock_sch_app.elf.size  multiblock_sch_app.elf
' '
11:29:13 **** Build of configuration Debug for project multiblock_sch_app ****
make pre-build main-build 
a9-linaro-pre-build-step
' '
'Building file: ../src/PR_executer.c'
'Invoking: ARM v7 gcc compiler'
arm-none-eabi-gcc -Wall -O0 -g3 -c -fmessage-length=0 -MT"src/PR_executer.o" -mcpu=cortex-a9 -mfpu=vfpv3 -mfloat-abi=hard -I../../multiblock_sch_app_bsp/ps7_cortexa9_0/include -MMD -MP -MF"src/PR_executer.d" -MT"src/PR_executer.o" -o "src/PR_executer.o" "../src/PR_executer.c"
'Finished building: ../src/PR_executer.c'
' '
'Building file: ../src/aes_checker.c'
'Invoking: ARM v7 gcc compiler'
arm-none-eabi-gcc -Wall -O0 -g3 -c -fmessage-length=0 -MT"src/aes_checker.o" -mcpu=cortex-a9 -mfpu=vfpv3 -mfloat-abi=hard -I../../multiblock_sch_app_bsp/ps7_cortexa9_0/include -MMD -MP -MF"src/aes_checker.d" -MT"src/aes_checker.o" -o "src/aes_checker.o" "../src/aes_checker.c"
../src/aes_checker.c: In function 'aes_256_operation':
../src/aes_checker.c:30:4: warning: this 'else' clause does not guard... [-Wmisleading-indentation]
    else
    ^~~~
../src/aes_checker.c:32:5: note: ...this statement, but the latter is misleadingly indented as if it is guarded by the 'else'
     for (i = 0; i < 8; i++)
     ^~~
../src/aes_checker.c:17:14: warning: variable 'res1' set but not used [-Wunused-but-set-variable]
     uint32_t res1;
              ^~~~
../src/aes_checker.c:16:14: warning: variable 'res0' set but not used [-Wunused-but-set-variable]
     uint32_t res0;
              ^~~~
'Finished building: ../src/aes_checker.c'
' '
'Building file: ../src/bfs_checker.c'
'Invoking: ARM v7 gcc compiler'
arm-none-eabi-gcc -Wall -O0 -g3 -c -fmessage-length=0 -MT"src/bfs_checker.o" -mcpu=cortex-a9 -mfpu=vfpv3 -mfloat-abi=hard -I../../multiblock_sch_app_bsp/ps7_cortexa9_0/include -MMD -MP -MF"src/bfs_checker.d" -MT"src/bfs_checker.o" -o "src/bfs_checker.o" "../src/bfs_checker.c"
'Finished building: ../src/bfs_checker.c'
' '
'Building file: ../src/fft_checker.c'
'Invoking: ARM v7 gcc compiler'
arm-none-eabi-gcc -Wall -O0 -g3 -c -fmessage-length=0 -MT"src/fft_checker.o" -mcpu=cortex-a9 -mfpu=vfpv3 -mfloat-abi=hard -I../../multiblock_sch_app_bsp/ps7_cortexa9_0/include -MMD -MP -MF"src/fft_checker.d" -MT"src/fft_checker.o" -o "src/fft_checker.o" "../src/fft_checker.c"
../src/fft_checker.c: In function 'fft_operation':
../src/fft_checker.c:38:23: warning: variable 'tmp' set but not used [-Wunused-but-set-variable]
              uint32_t tmp;
                       ^~~
'Finished building: ../src/fft_checker.c'
' '
'Building file: ../src/fft_profiling.c'
'Invoking: ARM v7 gcc compiler'
arm-none-eabi-gcc -Wall -O0 -g3 -c -fmessage-length=0 -MT"src/fft_profiling.o" -mcpu=cortex-a9 -mfpu=vfpv3 -mfloat-abi=hard -I../../multiblock_sch_app_bsp/ps7_cortexa9_0/include -MMD -MP -MF"src/fft_profiling.d" -MT"src/fft_profiling.o" -o "src/fft_profiling.o" "../src/fft_profiling.c"
'Finished building: ../src/fft_profiling.c'
' '
'Building file: ../src/gemm_checker.c'
'Invoking: ARM v7 gcc compiler'
arm-none-eabi-gcc -Wall -O0 -g3 -c -fmessage-length=0 -MT"src/gemm_checker.o" -mcpu=cortex-a9 -mfpu=vfpv3 -mfloat-abi=hard -I../../multiblock_sch_app_bsp/ps7_cortexa9_0/include -MMD -MP -MF"src/gemm_checker.d" -MT"src/gemm_checker.o" -o "src/gemm_checker.o" "../src/gemm_checker.c"
../src/gemm_checker.c: In function 'gemm_operation':
../src/gemm_checker.c:18:14: warning: implicit declaration of function 'PR_execution' [-Wimplicit-function-declaration]
              PR_execution("gemm0.bin");
              ^~~~~~~~~~~~
../src/gemm_checker.c:43:29: warning: variable 'tmp' set but not used [-Wunused-but-set-variable]
                    for (i = 0; i < 8192; i++){
                             ^~~
../src/gemm_checker.c:83:29: warning: variable 'tmp' set but not used [-Wunused-but-set-variable]
                    for (i = 0; i < 8192; i++){
                             ^~~
'Finished building: ../src/gemm_checker.c'
' '
'Building file: ../src/helloworld.c'
'Invoking: ARM v7 gcc compiler'
arm-none-eabi-gcc -Wall -O0 -g3 -c -fmessage-length=0 -MT"src/helloworld.o" -mcpu=cortex-a9 -mfpu=vfpv3 -mfloat-abi=hard -I../../multiblock_sch_app_bsp/ps7_cortexa9_0/include -MMD -MP -MF"src/helloworld.d" -MT"src/helloworld.o" -o "src/helloworld.o" "../src/helloworld.c"
'Finished building: ../src/helloworld.c'
' '
'Building file: ../src/kmp_checker.c'
'Invoking: ARM v7 gcc compiler'
arm-none-eabi-gcc -Wall -O0 -g3 -c -fmessage-length=0 -MT"src/kmp_checker.o" -mcpu=cortex-a9 -mfpu=vfpv3 -mfloat-abi=hard -I../../multiblock_sch_app_bsp/ps7_cortexa9_0/include -MMD -MP -MF"src/kmp_checker.d" -MT"src/kmp_checker.o" -o "src/kmp_checker.o" "../src/kmp_checker.c"
../src/kmp_checker.c: In function 'kmp_operation':
../src/kmp_checker.c:19:14: warning: implicit declaration of function 'PR_execution' [-Wimplicit-function-declaration]
              PR_execution("kmp0.bin");
              ^~~~~~~~~~~~
../src/kmp_checker.c:44:25: warning: variable 'tmp' set but not used [-Wunused-but-set-variable]
                uint32_t tmp;
                         ^~~
../src/kmp_checker.c:87:16: warning: variable 'tmp' set but not used [-Wunused-but-set-variable]
       uint32_t tmp;
                ^~~
../src/kmp_checker.c:130:16: warning: variable 'tmp' set but not used [-Wunused-but-set-variable]
       uint32_t tmp;
                ^~~
'Finished building: ../src/kmp_checker.c'
' '
'Building file: ../src/platform.c'
'Invoking: ARM v7 gcc compiler'
arm-none-eabi-gcc -Wall -O0 -g3 -c -fmessage-length=0 -MT"src/platform.o" -mcpu=cortex-a9 -mfpu=vfpv3 -mfloat-abi=hard -I../../multiblock_sch_app_bsp/ps7_cortexa9_0/include -MMD -MP -MF"src/platform.d" -MT"src/platform.o" -o "src/platform.o" "../src/platform.c"
'Finished building: ../src/platform.c'
' '
'Building file: ../src/scheduler.c'
'Invoking: ARM v7 gcc compiler'
arm-none-eabi-gcc -Wall -O0 -g3 -c -fmessage-length=0 -MT"src/scheduler.o" -mcpu=cortex-a9 -mfpu=vfpv3 -mfloat-abi=hard -I../../multiblock_sch_app_bsp/ps7_cortexa9_0/include -MMD -MP -MF"src/scheduler.d" -MT"src/scheduler.o" -o "src/scheduler.o" "../src/scheduler.c"
'Finished building: ../src/scheduler.c'
' '
'Building file: ../src/sha_checker.c'
'Invoking: ARM v7 gcc compiler'
arm-none-eabi-gcc -Wall -O0 -g3 -c -fmessage-length=0 -MT"src/sha_checker.o" -mcpu=cortex-a9 -mfpu=vfpv3 -mfloat-abi=hard -I../../multiblock_sch_app_bsp/ps7_cortexa9_0/include -MMD -MP -MF"src/sha_checker.d" -MT"src/sha_checker.o" -o "src/sha_checker.o" "../src/sha_checker.c"
../src/sha_checker.c: In function 'sha_operation':
../src/sha_checker.c:39:18: warning: variable 'tmp' set but not used [-Wunused-but-set-variable]
         uint32_t tmp;
                  ^~~
../src/sha_checker.c:72:18: warning: variable 'tmp' set but not used [-Wunused-but-set-variable]
         uint32_t tmp;
                  ^~~
../src/sha_checker.c:104:18: warning: variable 'tmp' set but not used [-Wunused-but-set-variable]
         uint32_t tmp;
                  ^~~
'Finished building: ../src/sha_checker.c'
' '
'Building file: ../src/sha_profiling.c'
'Invoking: ARM v7 gcc compiler'
arm-none-eabi-gcc -Wall -O0 -g3 -c -fmessage-length=0 -MT"src/sha_profiling.o" -mcpu=cortex-a9 -mfpu=vfpv3 -mfloat-abi=hard -I../../multiblock_sch_app_bsp/ps7_cortexa9_0/include -MMD -MP -MF"src/sha_profiling.d" -MT"src/sha_profiling.o" -o "src/sha_profiling.o" "../src/sha_profiling.c"
'Finished building: ../src/sha_profiling.c'
' '
'Building file: ../src/sort_checker.c'
'Invoking: ARM v7 gcc compiler'
arm-none-eabi-gcc -Wall -O0 -g3 -c -fmessage-length=0 -MT"src/sort_checker.o" -mcpu=cortex-a9 -mfpu=vfpv3 -mfloat-abi=hard -I../../multiblock_sch_app_bsp/ps7_cortexa9_0/include -MMD -MP -MF"src/sort_checker.d" -MT"src/sort_checker.o" -o "src/sort_checker.o" "../src/sort_checker.c"
../src/sort_checker.c: In function 'sort_operation':
../src/sort_checker.c:40:29: warning: variable 'tmp' set but not used [-Wunused-but-set-variable]
                    uint32_t tmp;
                             ^~~
../src/sort_checker.c:75:29: warning: variable 'tmp' set but not used [-Wunused-but-set-variable]
                    uint32_t tmp;
                             ^~~
../src/sort_checker.c:110:29: warning: variable 'tmp' set but not used [-Wunused-but-set-variable]
                    uint32_t tmp;
                             ^~~
'Finished building: ../src/sort_checker.c'
' '
'Building file: ../src/sort_profiling.c'
'Invoking: ARM v7 gcc compiler'
arm-none-eabi-gcc -Wall -O0 -g3 -c -fmessage-length=0 -MT"src/sort_profiling.o" -mcpu=cortex-a9 -mfpu=vfpv3 -mfloat-abi=hard -I../../multiblock_sch_app_bsp/ps7_cortexa9_0/include -MMD -MP -MF"src/sort_profiling.d" -MT"src/sort_profiling.o" -o "src/sort_profiling.o" "../src/sort_profiling.c"
'Finished building: ../src/sort_profiling.c'
' '
'Building file: ../src/spmv_checking.c'
'Invoking: ARM v7 gcc compiler'
arm-none-eabi-gcc -Wall -O0 -g3 -c -fmessage-length=0 -MT"src/spmv_checking.o" -mcpu=cortex-a9 -mfpu=vfpv3 -mfloat-abi=hard -I../../multiblock_sch_app_bsp/ps7_cortexa9_0/include -MMD -MP -MF"src/spmv_checking.d" -MT"src/spmv_checking.o" -o "src/spmv_checking.o" "../src/spmv_checking.c"
../src/spmv_checking.c: In function 'spmv_operation':
../src/spmv_checking.c:12:14: warning: implicit declaration of function 'PR_execution' [-Wimplicit-function-declaration]
              PR_execution("spmv0.bin");
              ^~~~~~~~~~~~
../src/spmv_checking.c:42:29: warning: variable 'tmp' set but not used [-Wunused-but-set-variable]
                    uint32_t tmp;
                             ^~~
../src/spmv_checking.c:86:29: warning: variable 'tmp' set but not used [-Wunused-but-set-variable]
                    uint32_t tmp;
                             ^~~
../src/spmv_checking.c:130:29: warning: variable 'tmp' set but not used [-Wunused-but-set-variable]
                    uint32_t tmp;
                             ^~~
'Finished building: ../src/spmv_checking.c'
' '
'Building file: ../src/stencil_checker.c'
'Invoking: ARM v7 gcc compiler'
arm-none-eabi-gcc -Wall -O0 -g3 -c -fmessage-length=0 -MT"src/stencil_checker.o" -mcpu=cortex-a9 -mfpu=vfpv3 -mfloat-abi=hard -I../../multiblock_sch_app_bsp/ps7_cortexa9_0/include -MMD -MP -MF"src/stencil_checker.d" -MT"src/stencil_checker.o" -o "src/stencil_checker.o" "../src/stencil_checker.c"
../src/stencil_checker.c: In function 'stencil_operation':
../src/stencil_checker.c:40:29: warning: variable 'tmp' set but not used [-Wunused-but-set-variable]
                    uint32_t tmp;
                             ^~~
../src/stencil_checker.c:76:29: warning: variable 'tmp' set but not used [-Wunused-but-set-variable]
                    uint32_t tmp;
                             ^~~
'Finished building: ../src/stencil_checker.c'
' '
'Building target: multiblock_sch_app.elf'
'Invoking: ARM v7 gcc linker'
arm-none-eabi-gcc -mcpu=cortex-a9 -mfpu=vfpv3 -mfloat-abi=hard -Wl,-build-id=none -specs=Xilinx.spec -Wl,-T -Wl,../src/lscript.ld -L../../multiblock_sch_app_bsp/ps7_cortexa9_0/lib -o "multiblock_sch_app.elf"  ./src/PR_executer.o ./src/aes_checker.o ./src/bfs_checker.o ./src/fft_checker.o ./src/fft_profiling.o ./src/gemm_checker.o ./src/helloworld.o ./src/kmp_checker.o ./src/platform.o ./src/scheduler.o ./src/sha_checker.o ./src/sha_profiling.o ./src/sort_checker.o ./src/sort_profiling.o ./src/spmv_checking.o ./src/stencil_checker.o   -Wl,--start-group,-lxil,-lgcc,-lc,--end-group -Wl,--start-group,-lxilffs,-lxil,-lgcc,-lc,--end-group
'Finished building target: multiblock_sch_app.elf'
' '
'Invoking: ARM v7 Print Size'
arm-none-eabi-size multiblock_sch_app.elf  |tee "multiblock_sch_app.elf.size"
   text	   data	    bss	    dec	    hex	filename
 128680	   3420	322131760	322263860	13355b34	multiblock_sch_app.elf
'Finished building: multiblock_sch_app.elf.size'
' '
11:30:40 **** Incremental Build of configuration Debug for project multiblock_sch_app ****
make pre-build main-build 
a9-linaro-pre-build-step
' '
make: Nothing to be done for `main-build'.
11:32:57 **** Incremental Build of configuration Debug for project multiblock_sch_app ****
make pre-build main-build 
a9-linaro-pre-build-step
' '
'Building file: ../src/helloworld.c'
'Invoking: ARM v7 gcc compiler'
arm-none-eabi-gcc -Wall -O0 -g3 -c -fmessage-length=0 -MT"src/helloworld.o" -mcpu=cortex-a9 -mfpu=vfpv3 -mfloat-abi=hard -I../../multiblock_sch_app_bsp/ps7_cortexa9_0/include -MMD -MP -MF"src/helloworld.d" -MT"src/helloworld.o" -o "src/helloworld.o" "../src/helloworld.c"
'Finished building: ../src/helloworld.c'
' '
'Building target: multiblock_sch_app.elf'
'Invoking: ARM v7 gcc linker'
arm-none-eabi-gcc -mcpu=cortex-a9 -mfpu=vfpv3 -mfloat-abi=hard -Wl,-build-id=none -specs=Xilinx.spec -Wl,-T -Wl,../src/lscript.ld -L../../multiblock_sch_app_bsp/ps7_cortexa9_0/lib -o "multiblock_sch_app.elf"  ./src/PR_executer.o ./src/aes_checker.o ./src/bfs_checker.o ./src/fft_checker.o ./src/fft_profiling.o ./src/gemm_checker.o ./src/helloworld.o ./src/kmp_checker.o ./src/platform.o ./src/scheduler.o ./src/sha_checker.o ./src/sha_profiling.o ./src/sort_checker.o ./src/sort_profiling.o ./src/spmv_checking.o ./src/stencil_checker.o   -Wl,--start-group,-lxil,-lgcc,-lc,--end-group -Wl,--start-group,-lxilffs,-lxil,-lgcc,-lc,--end-group
'Finished building target: multiblock_sch_app.elf'
' '
'Invoking: ARM v7 Print Size'
arm-none-eabi-size multiblock_sch_app.elf  |tee "multiblock_sch_app.elf.size"
   text	   data	    bss	    dec	    hex	filename
 128680	   3420	322131760	322263860	13355b34	multiblock_sch_app.elf
'Finished building: multiblock_sch_app.elf.size'
' '
11:33:06 **** Incremental Build of configuration Debug for project multiblock_sch_app ****
make pre-build main-build 
a9-linaro-pre-build-step
' '
make: Nothing to be done for `main-build'.
11:33:18 **** Incremental Build of configuration Debug for project multiblock_sch_app ****
make pre-build main-build 
a9-linaro-pre-build-step
' '
make: Nothing to be done for `main-build'.
11:33:54 **** Incremental Build of configuration Debug for project multiblock_sch_app ****
make pre-build main-build 
a9-linaro-pre-build-step
' '
'Building file: ../src/PR_executer.c'
'Invoking: ARM v7 gcc compiler'
arm-none-eabi-gcc -Wall -O0 -g3 -c -fmessage-length=0 -MT"src/PR_executer.o" -mcpu=cortex-a9 -mfpu=vfpv3 -mfloat-abi=hard -I../../multiblock_sch_app_bsp/ps7_cortexa9_0/include -MMD -MP -MF"src/PR_executer.d" -MT"src/PR_executer.o" -o "src/PR_executer.o" "../src/PR_executer.c"
'Finished building: ../src/PR_executer.c'
' '
'Building file: ../src/aes_checker.c'
'Invoking: ARM v7 gcc compiler'
arm-none-eabi-gcc -Wall -O0 -g3 -c -fmessage-length=0 -MT"src/aes_checker.o" -mcpu=cortex-a9 -mfpu=vfpv3 -mfloat-abi=hard -I../../multiblock_sch_app_bsp/ps7_cortexa9_0/include -MMD -MP -MF"src/aes_checker.d" -MT"src/aes_checker.o" -o "src/aes_checker.o" "../src/aes_checker.c"
../src/aes_checker.c: In function 'aes_256_operation':
../src/aes_checker.c:30:4: warning: this 'else' clause does not guard... [-Wmisleading-indentation]
    else
    ^~~~
../src/aes_checker.c:32:5: note: ...this statement, but the latter is misleadingly indented as if it is guarded by the 'else'
     for (i = 0; i < 8; i++)
     ^~~
../src/aes_checker.c:17:14: warning: variable 'res1' set but not used [-Wunused-but-set-variable]
     uint32_t res1;
              ^~~~
../src/aes_checker.c:16:14: warning: variable 'res0' set but not used [-Wunused-but-set-variable]
     uint32_t res0;
              ^~~~
'Finished building: ../src/aes_checker.c'
' '
'Building file: ../src/bfs_checker.c'
'Invoking: ARM v7 gcc compiler'
arm-none-eabi-gcc -Wall -O0 -g3 -c -fmessage-length=0 -MT"src/bfs_checker.o" -mcpu=cortex-a9 -mfpu=vfpv3 -mfloat-abi=hard -I../../multiblock_sch_app_bsp/ps7_cortexa9_0/include -MMD -MP -MF"src/bfs_checker.d" -MT"src/bfs_checker.o" -o "src/bfs_checker.o" "../src/bfs_checker.c"
'Finished building: ../src/bfs_checker.c'
' '
'Building file: ../src/fft_checker.c'
'Invoking: ARM v7 gcc compiler'
arm-none-eabi-gcc -Wall -O0 -g3 -c -fmessage-length=0 -MT"src/fft_checker.o" -mcpu=cortex-a9 -mfpu=vfpv3 -mfloat-abi=hard -I../../multiblock_sch_app_bsp/ps7_cortexa9_0/include -MMD -MP -MF"src/fft_checker.d" -MT"src/fft_checker.o" -o "src/fft_checker.o" "../src/fft_checker.c"
../src/fft_checker.c: In function 'fft_operation':
../src/fft_checker.c:38:23: warning: variable 'tmp' set but not used [-Wunused-but-set-variable]
              uint32_t tmp;
                       ^~~
'Finished building: ../src/fft_checker.c'
' '
'Building file: ../src/fft_profiling.c'
'Invoking: ARM v7 gcc compiler'
arm-none-eabi-gcc -Wall -O0 -g3 -c -fmessage-length=0 -MT"src/fft_profiling.o" -mcpu=cortex-a9 -mfpu=vfpv3 -mfloat-abi=hard -I../../multiblock_sch_app_bsp/ps7_cortexa9_0/include -MMD -MP -MF"src/fft_profiling.d" -MT"src/fft_profiling.o" -o "src/fft_profiling.o" "../src/fft_profiling.c"
'Finished building: ../src/fft_profiling.c'
' '
'Building file: ../src/gemm_checker.c'
'Invoking: ARM v7 gcc compiler'
arm-none-eabi-gcc -Wall -O0 -g3 -c -fmessage-length=0 -MT"src/gemm_checker.o" -mcpu=cortex-a9 -mfpu=vfpv3 -mfloat-abi=hard -I../../multiblock_sch_app_bsp/ps7_cortexa9_0/include -MMD -MP -MF"src/gemm_checker.d" -MT"src/gemm_checker.o" -o "src/gemm_checker.o" "../src/gemm_checker.c"
../src/gemm_checker.c: In function 'gemm_operation':
../src/gemm_checker.c:18:14: warning: implicit declaration of function 'PR_execution' [-Wimplicit-function-declaration]
              PR_execution("gemm0.bin");
              ^~~~~~~~~~~~
../src/gemm_checker.c:43:29: warning: variable 'tmp' set but not used [-Wunused-but-set-variable]
                    for (i = 0; i < 8192; i++){
                             ^~~
../src/gemm_checker.c:83:29: warning: variable 'tmp' set but not used [-Wunused-but-set-variable]
                    for (i = 0; i < 8192; i++){
                             ^~~
'Finished building: ../src/gemm_checker.c'
' '
'Building file: ../src/helloworld.c'
'Invoking: ARM v7 gcc compiler'
arm-none-eabi-gcc -Wall -O0 -g3 -c -fmessage-length=0 -MT"src/helloworld.o" -mcpu=cortex-a9 -mfpu=vfpv3 -mfloat-abi=hard -I../../multiblock_sch_app_bsp/ps7_cortexa9_0/include -MMD -MP -MF"src/helloworld.d" -MT"src/helloworld.o" -o "src/helloworld.o" "../src/helloworld.c"
'Finished building: ../src/helloworld.c'
' '
'Building file: ../src/kmp_checker.c'
'Invoking: ARM v7 gcc compiler'
arm-none-eabi-gcc -Wall -O0 -g3 -c -fmessage-length=0 -MT"src/kmp_checker.o" -mcpu=cortex-a9 -mfpu=vfpv3 -mfloat-abi=hard -I../../multiblock_sch_app_bsp/ps7_cortexa9_0/include -MMD -MP -MF"src/kmp_checker.d" -MT"src/kmp_checker.o" -o "src/kmp_checker.o" "../src/kmp_checker.c"
../src/kmp_checker.c: In function 'kmp_operation':
../src/kmp_checker.c:19:14: warning: implicit declaration of function 'PR_execution' [-Wimplicit-function-declaration]
              PR_execution("kmp0.bin");
              ^~~~~~~~~~~~
../src/kmp_checker.c:44:25: warning: variable 'tmp' set but not used [-Wunused-but-set-variable]
                uint32_t tmp;
                         ^~~
../src/kmp_checker.c:87:16: warning: variable 'tmp' set but not used [-Wunused-but-set-variable]
       uint32_t tmp;
                ^~~
../src/kmp_checker.c:130:16: warning: variable 'tmp' set but not used [-Wunused-but-set-variable]
       uint32_t tmp;
                ^~~
'Finished building: ../src/kmp_checker.c'
' '
'Building file: ../src/scheduler.c'
'Invoking: ARM v7 gcc compiler'
arm-none-eabi-gcc -Wall -O0 -g3 -c -fmessage-length=0 -MT"src/scheduler.o" -mcpu=cortex-a9 -mfpu=vfpv3 -mfloat-abi=hard -I../../multiblock_sch_app_bsp/ps7_cortexa9_0/include -MMD -MP -MF"src/scheduler.d" -MT"src/scheduler.o" -o "src/scheduler.o" "../src/scheduler.c"
'Finished building: ../src/scheduler.c'
' '
'Building file: ../src/sha_checker.c'
'Invoking: ARM v7 gcc compiler'
arm-none-eabi-gcc -Wall -O0 -g3 -c -fmessage-length=0 -MT"src/sha_checker.o" -mcpu=cortex-a9 -mfpu=vfpv3 -mfloat-abi=hard -I../../multiblock_sch_app_bsp/ps7_cortexa9_0/include -MMD -MP -MF"src/sha_checker.d" -MT"src/sha_checker.o" -o "src/sha_checker.o" "../src/sha_checker.c"
../src/sha_checker.c: In function 'sha_operation':
../src/sha_checker.c:39:18: warning: variable 'tmp' set but not used [-Wunused-but-set-variable]
         uint32_t tmp;
                  ^~~
../src/sha_checker.c:72:18: warning: variable 'tmp' set but not used [-Wunused-but-set-variable]
         uint32_t tmp;
                  ^~~
../src/sha_checker.c:104:18: warning: variable 'tmp' set but not used [-Wunused-but-set-variable]
         uint32_t tmp;
                  ^~~
'Finished building: ../src/sha_checker.c'
' '
'Building file: ../src/sha_profiling.c'
'Invoking: ARM v7 gcc compiler'
arm-none-eabi-gcc -Wall -O0 -g3 -c -fmessage-length=0 -MT"src/sha_profiling.o" -mcpu=cortex-a9 -mfpu=vfpv3 -mfloat-abi=hard -I../../multiblock_sch_app_bsp/ps7_cortexa9_0/include -MMD -MP -MF"src/sha_profiling.d" -MT"src/sha_profiling.o" -o "src/sha_profiling.o" "../src/sha_profiling.c"
'Finished building: ../src/sha_profiling.c'
' '
'Building file: ../src/sort_checker.c'
'Invoking: ARM v7 gcc compiler'
arm-none-eabi-gcc -Wall -O0 -g3 -c -fmessage-length=0 -MT"src/sort_checker.o" -mcpu=cortex-a9 -mfpu=vfpv3 -mfloat-abi=hard -I../../multiblock_sch_app_bsp/ps7_cortexa9_0/include -MMD -MP -MF"src/sort_checker.d" -MT"src/sort_checker.o" -o "src/sort_checker.o" "../src/sort_checker.c"
../src/sort_checker.c: In function 'sort_operation':
../src/sort_checker.c:40:29: warning: variable 'tmp' set but not used [-Wunused-but-set-variable]
                    uint32_t tmp;
                             ^~~
../src/sort_checker.c:75:29: warning: variable 'tmp' set but not used [-Wunused-but-set-variable]
                    uint32_t tmp;
                             ^~~
../src/sort_checker.c:110:29: warning: variable 'tmp' set but not used [-Wunused-but-set-variable]
                    uint32_t tmp;
                             ^~~
'Finished building: ../src/sort_checker.c'
' '
'Building file: ../src/sort_profiling.c'
'Invoking: ARM v7 gcc compiler'
arm-none-eabi-gcc -Wall -O0 -g3 -c -fmessage-length=0 -MT"src/sort_profiling.o" -mcpu=cortex-a9 -mfpu=vfpv3 -mfloat-abi=hard -I../../multiblock_sch_app_bsp/ps7_cortexa9_0/include -MMD -MP -MF"src/sort_profiling.d" -MT"src/sort_profiling.o" -o "src/sort_profiling.o" "../src/sort_profiling.c"
'Finished building: ../src/sort_profiling.c'
' '
'Building file: ../src/spmv_checking.c'
'Invoking: ARM v7 gcc compiler'
arm-none-eabi-gcc -Wall -O0 -g3 -c -fmessage-length=0 -MT"src/spmv_checking.o" -mcpu=cortex-a9 -mfpu=vfpv3 -mfloat-abi=hard -I../../multiblock_sch_app_bsp/ps7_cortexa9_0/include -MMD -MP -MF"src/spmv_checking.d" -MT"src/spmv_checking.o" -o "src/spmv_checking.o" "../src/spmv_checking.c"
../src/spmv_checking.c: In function 'spmv_operation':
../src/spmv_checking.c:12:14: warning: implicit declaration of function 'PR_execution' [-Wimplicit-function-declaration]
              PR_execution("spmv0.bin");
              ^~~~~~~~~~~~
../src/spmv_checking.c:42:29: warning: variable 'tmp' set but not used [-Wunused-but-set-variable]
                    uint32_t tmp;
                             ^~~
../src/spmv_checking.c:86:29: warning: variable 'tmp' set but not used [-Wunused-but-set-variable]
                    uint32_t tmp;
                             ^~~
../src/spmv_checking.c:130:29: warning: variable 'tmp' set but not used [-Wunused-but-set-variable]
                    uint32_t tmp;
                             ^~~
'Finished building: ../src/spmv_checking.c'
' '
'Building file: ../src/stencil_checker.c'
'Invoking: ARM v7 gcc compiler'
arm-none-eabi-gcc -Wall -O0 -g3 -c -fmessage-length=0 -MT"src/stencil_checker.o" -mcpu=cortex-a9 -mfpu=vfpv3 -mfloat-abi=hard -I../../multiblock_sch_app_bsp/ps7_cortexa9_0/include -MMD -MP -MF"src/stencil_checker.d" -MT"src/stencil_checker.o" -o "src/stencil_checker.o" "../src/stencil_checker.c"
../src/stencil_checker.c: In function 'stencil_operation':
../src/stencil_checker.c:40:29: warning: variable 'tmp' set but not used [-Wunused-but-set-variable]
                    uint32_t tmp;
                             ^~~
../src/stencil_checker.c:76:29: warning: variable 'tmp' set but not used [-Wunused-but-set-variable]
                    uint32_t tmp;
                             ^~~
'Finished building: ../src/stencil_checker.c'
' '
'Building target: multiblock_sch_app.elf'
'Invoking: ARM v7 gcc linker'
arm-none-eabi-gcc -mcpu=cortex-a9 -mfpu=vfpv3 -mfloat-abi=hard -Wl,-build-id=none -specs=Xilinx.spec -Wl,-T -Wl,../src/lscript.ld -L../../multiblock_sch_app_bsp/ps7_cortexa9_0/lib -o "multiblock_sch_app.elf"  ./src/PR_executer.o ./src/aes_checker.o ./src/bfs_checker.o ./src/fft_checker.o ./src/fft_profiling.o ./src/gemm_checker.o ./src/helloworld.o ./src/kmp_checker.o ./src/platform.o ./src/scheduler.o ./src/sha_checker.o ./src/sha_profiling.o ./src/sort_checker.o ./src/sort_profiling.o ./src/spmv_checking.o ./src/stencil_checker.o   -Wl,--start-group,-lxil,-lgcc,-lc,--end-group -Wl,--start-group,-lxilffs,-lxil,-lgcc,-lc,--end-group
'Finished building target: multiblock_sch_app.elf'
' '
'Invoking: ARM v7 Print Size'
arm-none-eabi-size multiblock_sch_app.elf  |tee "multiblock_sch_app.elf.size"
   text	   data	    bss	    dec	    hex	filename
 128680	   3420	322131760	322263860	13355b34	multiblock_sch_app.elf
'Finished building: multiblock_sch_app.elf.size'
' '
11:34:24 **** Incremental Build of configuration Debug for project multiblock_sch_app ****
make pre-build main-build 
a9-linaro-pre-build-step
' '
'Building file: ../src/PR_executer.c'
'Invoking: ARM v7 gcc compiler'
arm-none-eabi-gcc -Wall -O0 -g3 -c -fmessage-length=0 -MT"src/PR_executer.o" -mcpu=cortex-a9 -mfpu=vfpv3 -mfloat-abi=hard -I../../multiblock_sch_app_bsp/ps7_cortexa9_0/include -MMD -MP -MF"src/PR_executer.d" -MT"src/PR_executer.o" -o "src/PR_executer.o" "../src/PR_executer.c"
'Finished building: ../src/PR_executer.c'
' '
'Building file: ../src/aes_checker.c'
'Invoking: ARM v7 gcc compiler'
arm-none-eabi-gcc -Wall -O0 -g3 -c -fmessage-length=0 -MT"src/aes_checker.o" -mcpu=cortex-a9 -mfpu=vfpv3 -mfloat-abi=hard -I../../multiblock_sch_app_bsp/ps7_cortexa9_0/include -MMD -MP -MF"src/aes_checker.d" -MT"src/aes_checker.o" -o "src/aes_checker.o" "../src/aes_checker.c"
../src/aes_checker.c: In function 'aes_256_operation':
../src/aes_checker.c:30:4: warning: this 'else' clause does not guard... [-Wmisleading-indentation]
    else
    ^~~~
../src/aes_checker.c:32:5: note: ...this statement, but the latter is misleadingly indented as if it is guarded by the 'else'
     for (i = 0; i < 8; i++)
     ^~~
../src/aes_checker.c:17:14: warning: variable 'res1' set but not used [-Wunused-but-set-variable]
     uint32_t res1;
              ^~~~
../src/aes_checker.c:16:14: warning: variable 'res0' set but not used [-Wunused-but-set-variable]
     uint32_t res0;
              ^~~~
'Finished building: ../src/aes_checker.c'
' '
'Building file: ../src/bfs_checker.c'
'Invoking: ARM v7 gcc compiler'
arm-none-eabi-gcc -Wall -O0 -g3 -c -fmessage-length=0 -MT"src/bfs_checker.o" -mcpu=cortex-a9 -mfpu=vfpv3 -mfloat-abi=hard -I../../multiblock_sch_app_bsp/ps7_cortexa9_0/include -MMD -MP -MF"src/bfs_checker.d" -MT"src/bfs_checker.o" -o "src/bfs_checker.o" "../src/bfs_checker.c"
'Finished building: ../src/bfs_checker.c'
' '
'Building file: ../src/fft_checker.c'
'Invoking: ARM v7 gcc compiler'
arm-none-eabi-gcc -Wall -O0 -g3 -c -fmessage-length=0 -MT"src/fft_checker.o" -mcpu=cortex-a9 -mfpu=vfpv3 -mfloat-abi=hard -I../../multiblock_sch_app_bsp/ps7_cortexa9_0/include -MMD -MP -MF"src/fft_checker.d" -MT"src/fft_checker.o" -o "src/fft_checker.o" "../src/fft_checker.c"
../src/fft_checker.c: In function 'fft_operation':
../src/fft_checker.c:38:23: warning: variable 'tmp' set but not used [-Wunused-but-set-variable]
              uint32_t tmp;
                       ^~~
'Finished building: ../src/fft_checker.c'
' '
'Building file: ../src/fft_profiling.c'
'Invoking: ARM v7 gcc compiler'
arm-none-eabi-gcc -Wall -O0 -g3 -c -fmessage-length=0 -MT"src/fft_profiling.o" -mcpu=cortex-a9 -mfpu=vfpv3 -mfloat-abi=hard -I../../multiblock_sch_app_bsp/ps7_cortexa9_0/include -MMD -MP -MF"src/fft_profiling.d" -MT"src/fft_profiling.o" -o "src/fft_profiling.o" "../src/fft_profiling.c"
'Finished building: ../src/fft_profiling.c'
' '
'Building file: ../src/gemm_checker.c'
'Invoking: ARM v7 gcc compiler'
arm-none-eabi-gcc -Wall -O0 -g3 -c -fmessage-length=0 -MT"src/gemm_checker.o" -mcpu=cortex-a9 -mfpu=vfpv3 -mfloat-abi=hard -I../../multiblock_sch_app_bsp/ps7_cortexa9_0/include -MMD -MP -MF"src/gemm_checker.d" -MT"src/gemm_checker.o" -o "src/gemm_checker.o" "../src/gemm_checker.c"
../src/gemm_checker.c: In function 'gemm_operation':
../src/gemm_checker.c:18:14: warning: implicit declaration of function 'PR_execution' [-Wimplicit-function-declaration]
              PR_execution("gemm0.bin");
              ^~~~~~~~~~~~
../src/gemm_checker.c:43:29: warning: variable 'tmp' set but not used [-Wunused-but-set-variable]
                    for (i = 0; i < 8192; i++){
                             ^~~
../src/gemm_checker.c:83:29: warning: variable 'tmp' set but not used [-Wunused-but-set-variable]
                    for (i = 0; i < 8192; i++){
                             ^~~
'Finished building: ../src/gemm_checker.c'
' '
'Building file: ../src/helloworld.c'
'Invoking: ARM v7 gcc compiler'
arm-none-eabi-gcc -Wall -O0 -g3 -c -fmessage-length=0 -MT"src/helloworld.o" -mcpu=cortex-a9 -mfpu=vfpv3 -mfloat-abi=hard -I../../multiblock_sch_app_bsp/ps7_cortexa9_0/include -MMD -MP -MF"src/helloworld.d" -MT"src/helloworld.o" -o "src/helloworld.o" "../src/helloworld.c"
'Finished building: ../src/helloworld.c'
' '
'Building file: ../src/kmp_checker.c'
'Invoking: ARM v7 gcc compiler'
arm-none-eabi-gcc -Wall -O0 -g3 -c -fmessage-length=0 -MT"src/kmp_checker.o" -mcpu=cortex-a9 -mfpu=vfpv3 -mfloat-abi=hard -I../../multiblock_sch_app_bsp/ps7_cortexa9_0/include -MMD -MP -MF"src/kmp_checker.d" -MT"src/kmp_checker.o" -o "src/kmp_checker.o" "../src/kmp_checker.c"
../src/kmp_checker.c: In function 'kmp_operation':
../src/kmp_checker.c:19:14: warning: implicit declaration of function 'PR_execution' [-Wimplicit-function-declaration]
              PR_execution("kmp0.bin");
              ^~~~~~~~~~~~
../src/kmp_checker.c:44:25: warning: variable 'tmp' set but not used [-Wunused-but-set-variable]
                uint32_t tmp;
                         ^~~
../src/kmp_checker.c:87:16: warning: variable 'tmp' set but not used [-Wunused-but-set-variable]
       uint32_t tmp;
                ^~~
../src/kmp_checker.c:130:16: warning: variable 'tmp' set but not used [-Wunused-but-set-variable]
       uint32_t tmp;
                ^~~
'Finished building: ../src/kmp_checker.c'
' '
'Building file: ../src/scheduler.c'
'Invoking: ARM v7 gcc compiler'
arm-none-eabi-gcc -Wall -O0 -g3 -c -fmessage-length=0 -MT"src/scheduler.o" -mcpu=cortex-a9 -mfpu=vfpv3 -mfloat-abi=hard -I../../multiblock_sch_app_bsp/ps7_cortexa9_0/include -MMD -MP -MF"src/scheduler.d" -MT"src/scheduler.o" -o "src/scheduler.o" "../src/scheduler.c"
'Finished building: ../src/scheduler.c'
' '
'Building file: ../src/sha_checker.c'
'Invoking: ARM v7 gcc compiler'
arm-none-eabi-gcc -Wall -O0 -g3 -c -fmessage-length=0 -MT"src/sha_checker.o" -mcpu=cortex-a9 -mfpu=vfpv3 -mfloat-abi=hard -I../../multiblock_sch_app_bsp/ps7_cortexa9_0/include -MMD -MP -MF"src/sha_checker.d" -MT"src/sha_checker.o" -o "src/sha_checker.o" "../src/sha_checker.c"
../src/sha_checker.c: In function 'sha_operation':
../src/sha_checker.c:39:18: warning: variable 'tmp' set but not used [-Wunused-but-set-variable]
         uint32_t tmp;
                  ^~~
../src/sha_checker.c:72:18: warning: variable 'tmp' set but not used [-Wunused-but-set-variable]
         uint32_t tmp;
                  ^~~
../src/sha_checker.c:104:18: warning: variable 'tmp' set but not used [-Wunused-but-set-variable]
         uint32_t tmp;
                  ^~~
'Finished building: ../src/sha_checker.c'
' '
'Building file: ../src/sha_profiling.c'
'Invoking: ARM v7 gcc compiler'
arm-none-eabi-gcc -Wall -O0 -g3 -c -fmessage-length=0 -MT"src/sha_profiling.o" -mcpu=cortex-a9 -mfpu=vfpv3 -mfloat-abi=hard -I../../multiblock_sch_app_bsp/ps7_cortexa9_0/include -MMD -MP -MF"src/sha_profiling.d" -MT"src/sha_profiling.o" -o "src/sha_profiling.o" "../src/sha_profiling.c"
'Finished building: ../src/sha_profiling.c'
' '
'Building file: ../src/sort_checker.c'
'Invoking: ARM v7 gcc compiler'
arm-none-eabi-gcc -Wall -O0 -g3 -c -fmessage-length=0 -MT"src/sort_checker.o" -mcpu=cortex-a9 -mfpu=vfpv3 -mfloat-abi=hard -I../../multiblock_sch_app_bsp/ps7_cortexa9_0/include -MMD -MP -MF"src/sort_checker.d" -MT"src/sort_checker.o" -o "src/sort_checker.o" "../src/sort_checker.c"
../src/sort_checker.c: In function 'sort_operation':
../src/sort_checker.c:40:29: warning: variable 'tmp' set but not used [-Wunused-but-set-variable]
                    uint32_t tmp;
                             ^~~
../src/sort_checker.c:75:29: warning: variable 'tmp' set but not used [-Wunused-but-set-variable]
                    uint32_t tmp;
                             ^~~
../src/sort_checker.c:110:29: warning: variable 'tmp' set but not used [-Wunused-but-set-variable]
                    uint32_t tmp;
                             ^~~
'Finished building: ../src/sort_checker.c'
' '
'Building file: ../src/sort_profiling.c'
'Invoking: ARM v7 gcc compiler'
arm-none-eabi-gcc -Wall -O0 -g3 -c -fmessage-length=0 -MT"src/sort_profiling.o" -mcpu=cortex-a9 -mfpu=vfpv3 -mfloat-abi=hard -I../../multiblock_sch_app_bsp/ps7_cortexa9_0/include -MMD -MP -MF"src/sort_profiling.d" -MT"src/sort_profiling.o" -o "src/sort_profiling.o" "../src/sort_profiling.c"
'Finished building: ../src/sort_profiling.c'
' '
'Building file: ../src/spmv_checking.c'
'Invoking: ARM v7 gcc compiler'
arm-none-eabi-gcc -Wall -O0 -g3 -c -fmessage-length=0 -MT"src/spmv_checking.o" -mcpu=cortex-a9 -mfpu=vfpv3 -mfloat-abi=hard -I../../multiblock_sch_app_bsp/ps7_cortexa9_0/include -MMD -MP -MF"src/spmv_checking.d" -MT"src/spmv_checking.o" -o "src/spmv_checking.o" "../src/spmv_checking.c"
../src/spmv_checking.c: In function 'spmv_operation':
../src/spmv_checking.c:12:14: warning: implicit declaration of function 'PR_execution' [-Wimplicit-function-declaration]
              PR_execution("spmv0.bin");
              ^~~~~~~~~~~~
../src/spmv_checking.c:42:29: warning: variable 'tmp' set but not used [-Wunused-but-set-variable]
                    uint32_t tmp;
                             ^~~
../src/spmv_checking.c:86:29: warning: variable 'tmp' set but not used [-Wunused-but-set-variable]
                    uint32_t tmp;
                             ^~~
../src/spmv_checking.c:130:29: warning: variable 'tmp' set but not used [-Wunused-but-set-variable]
                    uint32_t tmp;
                             ^~~
'Finished building: ../src/spmv_checking.c'
' '
'Building file: ../src/stencil_checker.c'
'Invoking: ARM v7 gcc compiler'
arm-none-eabi-gcc -Wall -O0 -g3 -c -fmessage-length=0 -MT"src/stencil_checker.o" -mcpu=cortex-a9 -mfpu=vfpv3 -mfloat-abi=hard -I../../multiblock_sch_app_bsp/ps7_cortexa9_0/include -MMD -MP -MF"src/stencil_checker.d" -MT"src/stencil_checker.o" -o "src/stencil_checker.o" "../src/stencil_checker.c"
../src/stencil_checker.c: In function 'stencil_operation':
../src/stencil_checker.c:40:29: warning: variable 'tmp' set but not used [-Wunused-but-set-variable]
                    uint32_t tmp;
                             ^~~
../src/stencil_checker.c:76:29: warning: variable 'tmp' set but not used [-Wunused-but-set-variable]
                    uint32_t tmp;
                             ^~~
'Finished building: ../src/stencil_checker.c'
' '
'Building target: multiblock_sch_app.elf'
'Invoking: ARM v7 gcc linker'
arm-none-eabi-gcc -mcpu=cortex-a9 -mfpu=vfpv3 -mfloat-abi=hard -Wl,-build-id=none -specs=Xilinx.spec -Wl,-T -Wl,../src/lscript.ld -L../../multiblock_sch_app_bsp/ps7_cortexa9_0/lib -o "multiblock_sch_app.elf"  ./src/PR_executer.o ./src/aes_checker.o ./src/bfs_checker.o ./src/fft_checker.o ./src/fft_profiling.o ./src/gemm_checker.o ./src/helloworld.o ./src/kmp_checker.o ./src/platform.o ./src/scheduler.o ./src/sha_checker.o ./src/sha_profiling.o ./src/sort_checker.o ./src/sort_profiling.o ./src/spmv_checking.o ./src/stencil_checker.o   -Wl,--start-group,-lxil,-lgcc,-lc,--end-group -Wl,--start-group,-lxilffs,-lxil,-lgcc,-lc,--end-group
'Finished building target: multiblock_sch_app.elf'
' '
'Invoking: ARM v7 Print Size'
arm-none-eabi-size multiblock_sch_app.elf  |tee "multiblock_sch_app.elf.size"
   text	   data	    bss	    dec	    hex	filename
 128680	   3420	322131760	322263860	13355b34	multiblock_sch_app.elf
'Finished building: multiblock_sch_app.elf.size'
' '
11:34:53 **** Incremental Build of configuration Debug for project multiblock_sch_app ****
make pre-build main-build 
a9-linaro-pre-build-step
' '
'Building file: ../src/PR_executer.c'
'Invoking: ARM v7 gcc compiler'
arm-none-eabi-gcc -Wall -O0 -g3 -c -fmessage-length=0 -MT"src/PR_executer.o" -mcpu=cortex-a9 -mfpu=vfpv3 -mfloat-abi=hard -I../../multiblock_sch_app_bsp/ps7_cortexa9_0/include -MMD -MP -MF"src/PR_executer.d" -MT"src/PR_executer.o" -o "src/PR_executer.o" "../src/PR_executer.c"
'Finished building: ../src/PR_executer.c'
' '
'Building file: ../src/aes_checker.c'
'Invoking: ARM v7 gcc compiler'
arm-none-eabi-gcc -Wall -O0 -g3 -c -fmessage-length=0 -MT"src/aes_checker.o" -mcpu=cortex-a9 -mfpu=vfpv3 -mfloat-abi=hard -I../../multiblock_sch_app_bsp/ps7_cortexa9_0/include -MMD -MP -MF"src/aes_checker.d" -MT"src/aes_checker.o" -o "src/aes_checker.o" "../src/aes_checker.c"
../src/aes_checker.c: In function 'aes_256_operation':
../src/aes_checker.c:30:4: warning: this 'else' clause does not guard... [-Wmisleading-indentation]
    else
    ^~~~
../src/aes_checker.c:32:5: note: ...this statement, but the latter is misleadingly indented as if it is guarded by the 'else'
     for (i = 0; i < 8; i++)
     ^~~
../src/aes_checker.c:17:14: warning: variable 'res1' set but not used [-Wunused-but-set-variable]
     uint32_t res1;
              ^~~~
../src/aes_checker.c:16:14: warning: variable 'res0' set but not used [-Wunused-but-set-variable]
     uint32_t res0;
              ^~~~
'Finished building: ../src/aes_checker.c'
' '
'Building file: ../src/bfs_checker.c'
'Invoking: ARM v7 gcc compiler'
arm-none-eabi-gcc -Wall -O0 -g3 -c -fmessage-length=0 -MT"src/bfs_checker.o" -mcpu=cortex-a9 -mfpu=vfpv3 -mfloat-abi=hard -I../../multiblock_sch_app_bsp/ps7_cortexa9_0/include -MMD -MP -MF"src/bfs_checker.d" -MT"src/bfs_checker.o" -o "src/bfs_checker.o" "../src/bfs_checker.c"
'Finished building: ../src/bfs_checker.c'
' '
'Building file: ../src/fft_checker.c'
'Invoking: ARM v7 gcc compiler'
arm-none-eabi-gcc -Wall -O0 -g3 -c -fmessage-length=0 -MT"src/fft_checker.o" -mcpu=cortex-a9 -mfpu=vfpv3 -mfloat-abi=hard -I../../multiblock_sch_app_bsp/ps7_cortexa9_0/include -MMD -MP -MF"src/fft_checker.d" -MT"src/fft_checker.o" -o "src/fft_checker.o" "../src/fft_checker.c"
../src/fft_checker.c: In function 'fft_operation':
../src/fft_checker.c:38:23: warning: variable 'tmp' set but not used [-Wunused-but-set-variable]
              uint32_t tmp;
                       ^~~
'Finished building: ../src/fft_checker.c'
' '
'Building file: ../src/fft_profiling.c'
'Invoking: ARM v7 gcc compiler'
arm-none-eabi-gcc -Wall -O0 -g3 -c -fmessage-length=0 -MT"src/fft_profiling.o" -mcpu=cortex-a9 -mfpu=vfpv3 -mfloat-abi=hard -I../../multiblock_sch_app_bsp/ps7_cortexa9_0/include -MMD -MP -MF"src/fft_profiling.d" -MT"src/fft_profiling.o" -o "src/fft_profiling.o" "../src/fft_profiling.c"
'Finished building: ../src/fft_profiling.c'
' '
'Building file: ../src/gemm_checker.c'
'Invoking: ARM v7 gcc compiler'
arm-none-eabi-gcc -Wall -O0 -g3 -c -fmessage-length=0 -MT"src/gemm_checker.o" -mcpu=cortex-a9 -mfpu=vfpv3 -mfloat-abi=hard -I../../multiblock_sch_app_bsp/ps7_cortexa9_0/include -MMD -MP -MF"src/gemm_checker.d" -MT"src/gemm_checker.o" -o "src/gemm_checker.o" "../src/gemm_checker.c"
../src/gemm_checker.c: In function 'gemm_operation':
../src/gemm_checker.c:18:14: warning: implicit declaration of function 'PR_execution' [-Wimplicit-function-declaration]
              PR_execution("gemm0.bin");
              ^~~~~~~~~~~~
../src/gemm_checker.c:43:29: warning: variable 'tmp' set but not used [-Wunused-but-set-variable]
                    for (i = 0; i < 8192; i++){
                             ^~~
../src/gemm_checker.c:83:29: warning: variable 'tmp' set but not used [-Wunused-but-set-variable]
                    for (i = 0; i < 8192; i++){
                             ^~~
'Finished building: ../src/gemm_checker.c'
' '
'Building file: ../src/helloworld.c'
'Invoking: ARM v7 gcc compiler'
arm-none-eabi-gcc -Wall -O0 -g3 -c -fmessage-length=0 -MT"src/helloworld.o" -mcpu=cortex-a9 -mfpu=vfpv3 -mfloat-abi=hard -I../../multiblock_sch_app_bsp/ps7_cortexa9_0/include -MMD -MP -MF"src/helloworld.d" -MT"src/helloworld.o" -o "src/helloworld.o" "../src/helloworld.c"
'Finished building: ../src/helloworld.c'
' '
'Building file: ../src/kmp_checker.c'
'Invoking: ARM v7 gcc compiler'
arm-none-eabi-gcc -Wall -O0 -g3 -c -fmessage-length=0 -MT"src/kmp_checker.o" -mcpu=cortex-a9 -mfpu=vfpv3 -mfloat-abi=hard -I../../multiblock_sch_app_bsp/ps7_cortexa9_0/include -MMD -MP -MF"src/kmp_checker.d" -MT"src/kmp_checker.o" -o "src/kmp_checker.o" "../src/kmp_checker.c"
../src/kmp_checker.c: In function 'kmp_operation':
../src/kmp_checker.c:19:14: warning: implicit declaration of function 'PR_execution' [-Wimplicit-function-declaration]
              PR_execution("kmp0.bin");
              ^~~~~~~~~~~~
../src/kmp_checker.c:44:25: warning: variable 'tmp' set but not used [-Wunused-but-set-variable]
                uint32_t tmp;
                         ^~~
../src/kmp_checker.c:87:16: warning: variable 'tmp' set but not used [-Wunused-but-set-variable]
       uint32_t tmp;
                ^~~
../src/kmp_checker.c:130:16: warning: variable 'tmp' set but not used [-Wunused-but-set-variable]
       uint32_t tmp;
                ^~~
'Finished building: ../src/kmp_checker.c'
' '
'Building file: ../src/scheduler.c'
'Invoking: ARM v7 gcc compiler'
arm-none-eabi-gcc -Wall -O0 -g3 -c -fmessage-length=0 -MT"src/scheduler.o" -mcpu=cortex-a9 -mfpu=vfpv3 -mfloat-abi=hard -I../../multiblock_sch_app_bsp/ps7_cortexa9_0/include -MMD -MP -MF"src/scheduler.d" -MT"src/scheduler.o" -o "src/scheduler.o" "../src/scheduler.c"
'Finished building: ../src/scheduler.c'
' '
'Building file: ../src/sha_checker.c'
'Invoking: ARM v7 gcc compiler'
arm-none-eabi-gcc -Wall -O0 -g3 -c -fmessage-length=0 -MT"src/sha_checker.o" -mcpu=cortex-a9 -mfpu=vfpv3 -mfloat-abi=hard -I../../multiblock_sch_app_bsp/ps7_cortexa9_0/include -MMD -MP -MF"src/sha_checker.d" -MT"src/sha_checker.o" -o "src/sha_checker.o" "../src/sha_checker.c"
../src/sha_checker.c: In function 'sha_operation':
../src/sha_checker.c:39:18: warning: variable 'tmp' set but not used [-Wunused-but-set-variable]
         uint32_t tmp;
                  ^~~
../src/sha_checker.c:72:18: warning: variable 'tmp' set but not used [-Wunused-but-set-variable]
         uint32_t tmp;
                  ^~~
../src/sha_checker.c:104:18: warning: variable 'tmp' set but not used [-Wunused-but-set-variable]
         uint32_t tmp;
                  ^~~
'Finished building: ../src/sha_checker.c'
' '
'Building file: ../src/sha_profiling.c'
'Invoking: ARM v7 gcc compiler'
arm-none-eabi-gcc -Wall -O0 -g3 -c -fmessage-length=0 -MT"src/sha_profiling.o" -mcpu=cortex-a9 -mfpu=vfpv3 -mfloat-abi=hard -I../../multiblock_sch_app_bsp/ps7_cortexa9_0/include -MMD -MP -MF"src/sha_profiling.d" -MT"src/sha_profiling.o" -o "src/sha_profiling.o" "../src/sha_profiling.c"
'Finished building: ../src/sha_profiling.c'
' '
'Building file: ../src/sort_checker.c'
'Invoking: ARM v7 gcc compiler'
arm-none-eabi-gcc -Wall -O0 -g3 -c -fmessage-length=0 -MT"src/sort_checker.o" -mcpu=cortex-a9 -mfpu=vfpv3 -mfloat-abi=hard -I../../multiblock_sch_app_bsp/ps7_cortexa9_0/include -MMD -MP -MF"src/sort_checker.d" -MT"src/sort_checker.o" -o "src/sort_checker.o" "../src/sort_checker.c"
../src/sort_checker.c: In function 'sort_operation':
../src/sort_checker.c:40:29: warning: variable 'tmp' set but not used [-Wunused-but-set-variable]
                    uint32_t tmp;
                             ^~~
../src/sort_checker.c:75:29: warning: variable 'tmp' set but not used [-Wunused-but-set-variable]
                    uint32_t tmp;
                             ^~~
../src/sort_checker.c:110:29: warning: variable 'tmp' set but not used [-Wunused-but-set-variable]
                    uint32_t tmp;
                             ^~~
'Finished building: ../src/sort_checker.c'
' '
'Building file: ../src/sort_profiling.c'
'Invoking: ARM v7 gcc compiler'
arm-none-eabi-gcc -Wall -O0 -g3 -c -fmessage-length=0 -MT"src/sort_profiling.o" -mcpu=cortex-a9 -mfpu=vfpv3 -mfloat-abi=hard -I../../multiblock_sch_app_bsp/ps7_cortexa9_0/include -MMD -MP -MF"src/sort_profiling.d" -MT"src/sort_profiling.o" -o "src/sort_profiling.o" "../src/sort_profiling.c"
'Finished building: ../src/sort_profiling.c'
' '
'Building file: ../src/spmv_checking.c'
'Invoking: ARM v7 gcc compiler'
arm-none-eabi-gcc -Wall -O0 -g3 -c -fmessage-length=0 -MT"src/spmv_checking.o" -mcpu=cortex-a9 -mfpu=vfpv3 -mfloat-abi=hard -I../../multiblock_sch_app_bsp/ps7_cortexa9_0/include -MMD -MP -MF"src/spmv_checking.d" -MT"src/spmv_checking.o" -o "src/spmv_checking.o" "../src/spmv_checking.c"
../src/spmv_checking.c: In function 'spmv_operation':
../src/spmv_checking.c:12:14: warning: implicit declaration of function 'PR_execution' [-Wimplicit-function-declaration]
              PR_execution("spmv0.bin");
              ^~~~~~~~~~~~
../src/spmv_checking.c:42:29: warning: variable 'tmp' set but not used [-Wunused-but-set-variable]
                    uint32_t tmp;
                             ^~~
../src/spmv_checking.c:86:29: warning: variable 'tmp' set but not used [-Wunused-but-set-variable]
                    uint32_t tmp;
                             ^~~
../src/spmv_checking.c:130:29: warning: variable 'tmp' set but not used [-Wunused-but-set-variable]
                    uint32_t tmp;
                             ^~~
'Finished building: ../src/spmv_checking.c'
' '
'Building file: ../src/stencil_checker.c'
'Invoking: ARM v7 gcc compiler'
arm-none-eabi-gcc -Wall -O0 -g3 -c -fmessage-length=0 -MT"src/stencil_checker.o" -mcpu=cortex-a9 -mfpu=vfpv3 -mfloat-abi=hard -I../../multiblock_sch_app_bsp/ps7_cortexa9_0/include -MMD -MP -MF"src/stencil_checker.d" -MT"src/stencil_checker.o" -o "src/stencil_checker.o" "../src/stencil_checker.c"
../src/stencil_checker.c: In function 'stencil_operation':
../src/stencil_checker.c:40:29: warning: variable 'tmp' set but not used [-Wunused-but-set-variable]
                    uint32_t tmp;
                             ^~~
../src/stencil_checker.c:76:29: warning: variable 'tmp' set but not used [-Wunused-but-set-variable]
                    uint32_t tmp;
                             ^~~
'Finished building: ../src/stencil_checker.c'
' '
'Building target: multiblock_sch_app.elf'
'Invoking: ARM v7 gcc linker'
arm-none-eabi-gcc -mcpu=cortex-a9 -mfpu=vfpv3 -mfloat-abi=hard -Wl,-build-id=none -specs=Xilinx.spec -Wl,-T -Wl,../src/lscript.ld -L../../multiblock_sch_app_bsp/ps7_cortexa9_0/lib -o "multiblock_sch_app.elf"  ./src/PR_executer.o ./src/aes_checker.o ./src/bfs_checker.o ./src/fft_checker.o ./src/fft_profiling.o ./src/gemm_checker.o ./src/helloworld.o ./src/kmp_checker.o ./src/platform.o ./src/scheduler.o ./src/sha_checker.o ./src/sha_profiling.o ./src/sort_checker.o ./src/sort_profiling.o ./src/spmv_checking.o ./src/stencil_checker.o   -Wl,--start-group,-lxil,-lgcc,-lc,--end-group -Wl,--start-group,-lxilffs,-lxil,-lgcc,-lc,--end-group
'Finished building target: multiblock_sch_app.elf'
' '
'Invoking: ARM v7 Print Size'
arm-none-eabi-size multiblock_sch_app.elf  |tee "multiblock_sch_app.elf.size"
   text	   data	    bss	    dec	    hex	filename
 128680	   3420	322131760	322263860	13355b34	multiblock_sch_app.elf
'Finished building: multiblock_sch_app.elf.size'
' '
11:35:25 **** Incremental Build of configuration Debug for project multiblock_sch_app ****
make pre-build main-build 
a9-linaro-pre-build-step
' '
'Building file: ../src/PR_executer.c'
'Invoking: ARM v7 gcc compiler'
arm-none-eabi-gcc -Wall -O0 -g3 -c -fmessage-length=0 -MT"src/PR_executer.o" -mcpu=cortex-a9 -mfpu=vfpv3 -mfloat-abi=hard -I../../multiblock_sch_app_bsp/ps7_cortexa9_0/include -MMD -MP -MF"src/PR_executer.d" -MT"src/PR_executer.o" -o "src/PR_executer.o" "../src/PR_executer.c"
'Finished building: ../src/PR_executer.c'
' '
'Building file: ../src/aes_checker.c'
'Invoking: ARM v7 gcc compiler'
arm-none-eabi-gcc -Wall -O0 -g3 -c -fmessage-length=0 -MT"src/aes_checker.o" -mcpu=cortex-a9 -mfpu=vfpv3 -mfloat-abi=hard -I../../multiblock_sch_app_bsp/ps7_cortexa9_0/include -MMD -MP -MF"src/aes_checker.d" -MT"src/aes_checker.o" -o "src/aes_checker.o" "../src/aes_checker.c"
../src/aes_checker.c: In function 'aes_256_operation':
../src/aes_checker.c:30:4: warning: this 'else' clause does not guard... [-Wmisleading-indentation]
    else
    ^~~~
../src/aes_checker.c:32:5: note: ...this statement, but the latter is misleadingly indented as if it is guarded by the 'else'
     for (i = 0; i < 8; i++)
     ^~~
../src/aes_checker.c:17:14: warning: variable 'res1' set but not used [-Wunused-but-set-variable]
     uint32_t res1;
              ^~~~
../src/aes_checker.c:16:14: warning: variable 'res0' set but not used [-Wunused-but-set-variable]
     uint32_t res0;
              ^~~~
'Finished building: ../src/aes_checker.c'
' '
[...]
'Finished building target: stfs_scheduling_app.elf'
' '
'Invoking: ARM v7 Print Size'
arm-none-eabi-size stfs_scheduling_app.elf  |tee "stfs_scheduling_app.elf.size"
   text	   data	    bss	    dec	    hex	filename
 128544	   3420	322131760	322263724	13355aac	stfs_scheduling_app.elf
'Finished building: stfs_scheduling_app.elf.size'
' '
15:54:31 **** Incremental Build of configuration Debug for project stfs_scheduling_app ****
make pre-build main-build 
a9-linaro-pre-build-step
' '
'Building file: ../src/scheduler.c'
'Invoking: ARM v7 gcc compiler'
arm-none-eabi-gcc -Wall -O0 -g3 -c -fmessage-length=0 -MT"src/scheduler.o" -mcpu=cortex-a9 -mfpu=vfpv3 -mfloat-abi=hard -I../../stfs_scheduling_app_bsp/ps7_cortexa9_0/include -MMD -MP -MF"src/scheduler.d" -MT"src/scheduler.o" -o "src/scheduler.o" "../src/scheduler.c"
../src/scheduler.c: In function 'scheduling':
../src/scheduler.c:23:11: warning: unused variable 'seed' [-Wunused-variable]
  uint32_t seed = 5;
           ^~~~
'Finished building: ../src/scheduler.c'
' '
'Building target: stfs_scheduling_app.elf'
'Invoking: ARM v7 gcc linker'
arm-none-eabi-gcc -mcpu=cortex-a9 -mfpu=vfpv3 -mfloat-abi=hard -Wl,-build-id=none -specs=Xilinx.spec -Wl,-T -Wl,../src/lscript.ld -L../../stfs_scheduling_app_bsp/ps7_cortexa9_0/lib -o "stfs_scheduling_app.elf"  ./src/PR_executer.o ./src/aes_checker.o ./src/bfs_checker.o ./src/fft_checker.o ./src/fft_profiling.o ./src/gemm_checker.o ./src/helloworld.o ./src/kmp_checker.o ./src/platform.o ./src/scheduler.o ./src/sha_checker.o ./src/sha_profiling.o ./src/sort_checker.o ./src/sort_profiling.o ./src/spmv_checking.o ./src/stencil_checker.o   -Wl,--start-group,-lxil,-lgcc,-lc,--end-group -Wl,--start-group,-lxilffs,-lxil,-lgcc,-lc,--end-group
'Finished building target: stfs_scheduling_app.elf'
' '
'Invoking: ARM v7 Print Size'
arm-none-eabi-size stfs_scheduling_app.elf  |tee "stfs_scheduling_app.elf.size"
   text	   data	    bss	    dec	    hex	filename
 128672	   3420	322131760	322263852	13355b2c	stfs_scheduling_app.elf
'Finished building: stfs_scheduling_app.elf.size'
' '
15:56:31 **** Incremental Build of configuration Debug for project stfs_scheduling_app ****
make pre-build main-build 
a9-linaro-pre-build-step
' '
make: Nothing to be done for `main-build'.
15:57:07 **** Incremental Build of configuration Debug for project stfs_scheduling_app ****
make pre-build main-build 
a9-linaro-pre-build-step
' '
'Building file: ../src/scheduler.c'
'Invoking: ARM v7 gcc compiler'
arm-none-eabi-gcc -Wall -O0 -g3 -c -fmessage-length=0 -MT"src/scheduler.o" -mcpu=cortex-a9 -mfpu=vfpv3 -mfloat-abi=hard -I../../stfs_scheduling_app_bsp/ps7_cortexa9_0/include -MMD -MP -MF"src/scheduler.d" -MT"src/scheduler.o" -o "src/scheduler.o" "../src/scheduler.c"
../src/scheduler.c: In function 'scheduling':
../src/scheduler.c:23:11: warning: unused variable 'seed' [-Wunused-variable]
  uint32_t seed = 5;
           ^~~~
'Finished building: ../src/scheduler.c'
' '
'Building target: stfs_scheduling_app.elf'
'Invoking: ARM v7 gcc linker'
arm-none-eabi-gcc -mcpu=cortex-a9 -mfpu=vfpv3 -mfloat-abi=hard -Wl,-build-id=none -specs=Xilinx.spec -Wl,-T -Wl,../src/lscript.ld -L../../stfs_scheduling_app_bsp/ps7_cortexa9_0/lib -o "stfs_scheduling_app.elf"  ./src/PR_executer.o ./src/aes_checker.o ./src/bfs_checker.o ./src/fft_checker.o ./src/fft_profiling.o ./src/gemm_checker.o ./src/helloworld.o ./src/kmp_checker.o ./src/platform.o ./src/scheduler.o ./src/sha_checker.o ./src/sha_profiling.o ./src/sort_checker.o ./src/sort_profiling.o ./src/spmv_checking.o ./src/stencil_checker.o   -Wl,--start-group,-lxil,-lgcc,-lc,--end-group -Wl,--start-group,-lxilffs,-lxil,-lgcc,-lc,--end-group
'Finished building target: stfs_scheduling_app.elf'
' '
'Invoking: ARM v7 Print Size'
arm-none-eabi-size stfs_scheduling_app.elf  |tee "stfs_scheduling_app.elf.size"
   text	   data	    bss	    dec	    hex	filename
 128552	   3420	322131760	322263732	13355ab4	stfs_scheduling_app.elf
'Finished building: stfs_scheduling_app.elf.size'
' '
16:01:39 **** Incremental Build of configuration Debug for project stfs_scheduling_app ****
make pre-build main-build 
a9-linaro-pre-build-step
' '
'Building file: ../src/scheduler.c'
'Invoking: ARM v7 gcc compiler'
arm-none-eabi-gcc -Wall -O0 -g3 -c -fmessage-length=0 -MT"src/scheduler.o" -mcpu=cortex-a9 -mfpu=vfpv3 -mfloat-abi=hard -I../../stfs_scheduling_app_bsp/ps7_cortexa9_0/include -MMD -MP -MF"src/scheduler.d" -MT"src/scheduler.o" -o "src/scheduler.o" "../src/scheduler.c"
../src/scheduler.c: In function 'scheduling':
../src/scheduler.c:23:11: warning: unused variable 'seed' [-Wunused-variable]
  uint32_t seed = 5;
           ^~~~
'Finished building: ../src/scheduler.c'
' '
'Building target: stfs_scheduling_app.elf'
'Invoking: ARM v7 gcc linker'
arm-none-eabi-gcc -mcpu=cortex-a9 -mfpu=vfpv3 -mfloat-abi=hard -Wl,-build-id=none -specs=Xilinx.spec -Wl,-T -Wl,../src/lscript.ld -L../../stfs_scheduling_app_bsp/ps7_cortexa9_0/lib -o "stfs_scheduling_app.elf"  ./src/PR_executer.o ./src/aes_checker.o ./src/bfs_checker.o ./src/fft_checker.o ./src/fft_profiling.o ./src/gemm_checker.o ./src/helloworld.o ./src/kmp_checker.o ./src/platform.o ./src/scheduler.o ./src/sha_checker.o ./src/sha_profiling.o ./src/sort_checker.o ./src/sort_profiling.o ./src/spmv_checking.o ./src/stencil_checker.o   -Wl,--start-group,-lxil,-lgcc,-lc,--end-group -Wl,--start-group,-lxilffs,-lxil,-lgcc,-lc,--end-group
'Finished building target: stfs_scheduling_app.elf'
' '
'Invoking: ARM v7 Print Size'
arm-none-eabi-size stfs_scheduling_app.elf  |tee "stfs_scheduling_app.elf.size"
   text	   data	    bss	    dec	    hex	filename
 128736	   3420	322131760	322263916	13355b6c	stfs_scheduling_app.elf
'Finished building: stfs_scheduling_app.elf.size'
' '
16:05:52 **** Incremental Build of configuration Debug for project stfs_scheduling_app ****
make pre-build main-build 
a9-linaro-pre-build-step
' '
make: Nothing to be done for `main-build'.
16:52:10 **** Incremental Build of configuration Debug for project stfs_scheduling_app ****
make pre-build main-build 
a9-linaro-pre-build-step
' '
'Building file: ../src/scheduler.c'
'Invoking: ARM v7 gcc compiler'
arm-none-eabi-gcc -Wall -O0 -g3 -c -fmessage-length=0 -MT"src/scheduler.o" -mcpu=cortex-a9 -mfpu=vfpv3 -mfloat-abi=hard -I../../stfs_scheduling_app_bsp/ps7_cortexa9_0/include -MMD -MP -MF"src/scheduler.d" -MT"src/scheduler.o" -o "src/scheduler.o" "../src/scheduler.c"
../src/scheduler.c: In function 'scheduling':
../src/scheduler.c:23:11: warning: unused variable 'seed' [-Wunused-variable]
  uint32_t seed = 5;
           ^~~~
'Finished building: ../src/scheduler.c'
' '
'Building target: stfs_scheduling_app.elf'
'Invoking: ARM v7 gcc linker'
arm-none-eabi-gcc -mcpu=cortex-a9 -mfpu=vfpv3 -mfloat-abi=hard -Wl,-build-id=none -specs=Xilinx.spec -Wl,-T -Wl,../src/lscript.ld -L../../stfs_scheduling_app_bsp/ps7_cortexa9_0/lib -o "stfs_scheduling_app.elf"  ./src/PR_executer.o ./src/aes_checker.o ./src/bfs_checker.o ./src/fft_checker.o ./src/fft_profiling.o ./src/gemm_checker.o ./src/helloworld.o ./src/kmp_checker.o ./src/platform.o ./src/scheduler.o ./src/sha_checker.o ./src/sha_profiling.o ./src/sort_checker.o ./src/sort_profiling.o ./src/spmv_checking.o ./src/stencil_checker.o   -Wl,--start-group,-lxil,-lgcc,-lc,--end-group -Wl,--start-group,-lxilffs,-lxil,-lgcc,-lc,--end-group
'Finished building target: stfs_scheduling_app.elf'
' '
'Invoking: ARM v7 Print Size'
arm-none-eabi-size stfs_scheduling_app.elf  |tee "stfs_scheduling_app.elf.size"
   text	   data	    bss	    dec	    hex	filename
 128664	   3420	322131760	322263844	13355b24	stfs_scheduling_app.elf
'Finished building: stfs_scheduling_app.elf.size'
' '
10:57:12 **** Incremental Build of configuration Debug for project stfs_scheduling_app ****
make pre-build main-build 
a9-linaro-pre-build-step
' '
make: Nothing to be done for `main-build'.
11:04:23 **** Incremental Build of configuration Debug for project stfs_scheduling_app ****
make pre-build main-build 
a9-linaro-pre-build-step
' '
'Building file: ../src/PR_executer.c'
'Invoking: ARM v7 gcc compiler'
arm-none-eabi-gcc -Wall -O0 -g3 -c -fmessage-length=0 -MT"src/PR_executer.o" -mcpu=cortex-a9 -mfpu=vfpv3 -mfloat-abi=hard -I../../stfs_scheduling_app_bsp/ps7_cortexa9_0/include -MMD -MP -MF"src/PR_executer.d" -MT"src/PR_executer.o" -o "src/PR_executer.o" "../src/PR_executer.c"
'Finished building: ../src/PR_executer.c'
' '
'Building file: ../src/aes_checker.c'
'Invoking: ARM v7 gcc compiler'
arm-none-eabi-gcc -Wall -O0 -g3 -c -fmessage-length=0 -MT"src/aes_checker.o" -mcpu=cortex-a9 -mfpu=vfpv3 -mfloat-abi=hard -I../../stfs_scheduling_app_bsp/ps7_cortexa9_0/include -MMD -MP -MF"src/aes_checker.d" -MT"src/aes_checker.o" -o "src/aes_checker.o" "../src/aes_checker.c"
../src/aes_checker.c: In function 'aes_256_operation':
../src/aes_checker.c:30:4: warning: this 'else' clause does not guard... [-Wmisleading-indentation]
    else
    ^~~~
../src/aes_checker.c:32:5: note: ...this statement, but the latter is misleadingly indented as if it is guarded by the 'else'
     for (i = 0; i < 8; i++)
     ^~~
../src/aes_checker.c:17:14: warning: variable 'res1' set but not used [-Wunused-but-set-variable]
     uint32_t res1;
              ^~~~
../src/aes_checker.c:16:14: warning: variable 'res0' set but not used [-Wunused-but-set-variable]
     uint32_t res0;
              ^~~~
'Finished building: ../src/aes_checker.c'
' '
'Building file: ../src/bfs_checker.c'
'Invoking: ARM v7 gcc compiler'
arm-none-eabi-gcc -Wall -O0 -g3 -c -fmessage-length=0 -MT"src/bfs_checker.o" -mcpu=cortex-a9 -mfpu=vfpv3 -mfloat-abi=hard -I../../stfs_scheduling_app_bsp/ps7_cortexa9_0/include -MMD -MP -MF"src/bfs_checker.d" -MT"src/bfs_checker.o" -o "src/bfs_checker.o" "../src/bfs_checker.c"
'Finished building: ../src/bfs_checker.c'
' '
'Building file: ../src/fft_checker.c'
'Invoking: ARM v7 gcc compiler'
arm-none-eabi-gcc -Wall -O0 -g3 -c -fmessage-length=0 -MT"src/fft_checker.o" -mcpu=cortex-a9 -mfpu=vfpv3 -mfloat-abi=hard -I../../stfs_scheduling_app_bsp/ps7_cortexa9_0/include -MMD -MP -MF"src/fft_checker.d" -MT"src/fft_checker.o" -o "src/fft_checker.o" "../src/fft_checker.c"
../src/fft_checker.c: In function 'fft_operation':
../src/fft_checker.c:38:23: warning: variable 'tmp' set but not used [-Wunused-but-set-variable]
              uint32_t tmp;
                       ^~~
'Finished building: ../src/fft_checker.c'
' '
'Building file: ../src/fft_profiling.c'
'Invoking: ARM v7 gcc compiler'
arm-none-eabi-gcc -Wall -O0 -g3 -c -fmessage-length=0 -MT"src/fft_profiling.o" -mcpu=cortex-a9 -mfpu=vfpv3 -mfloat-abi=hard -I../../stfs_scheduling_app_bsp/ps7_cortexa9_0/include -MMD -MP -MF"src/fft_profiling.d" -MT"src/fft_profiling.o" -o "src/fft_profiling.o" "../src/fft_profiling.c"
'Finished building: ../src/fft_profiling.c'
' '
'Building file: ../src/gemm_checker.c'
'Invoking: ARM v7 gcc compiler'
arm-none-eabi-gcc -Wall -O0 -g3 -c -fmessage-length=0 -MT"src/gemm_checker.o" -mcpu=cortex-a9 -mfpu=vfpv3 -mfloat-abi=hard -I../../stfs_scheduling_app_bsp/ps7_cortexa9_0/include -MMD -MP -MF"src/gemm_checker.d" -MT"src/gemm_checker.o" -o "src/gemm_checker.o" "../src/gemm_checker.c"
../src/gemm_checker.c: In function 'gemm_operation':
../src/gemm_checker.c:18:14: warning: implicit declaration of function 'PR_execution' [-Wimplicit-function-declaration]
              PR_execution("gemm0.bin");
              ^~~~~~~~~~~~
../src/gemm_checker.c:43:29: warning: variable 'tmp' set but not used [-Wunused-but-set-variable]
                    for (i = 0; i < 8192; i++){
                             ^~~
../src/gemm_checker.c:83:29: warning: variable 'tmp' set but not used [-Wunused-but-set-variable]
                    for (i = 0; i < 8192; i++){
                             ^~~
'Finished building: ../src/gemm_checker.c'
' '
'Building file: ../src/helloworld.c'
'Invoking: ARM v7 gcc compiler'
arm-none-eabi-gcc -Wall -O0 -g3 -c -fmessage-length=0 -MT"src/helloworld.o" -mcpu=cortex-a9 -mfpu=vfpv3 -mfloat-abi=hard -I../../stfs_scheduling_app_bsp/ps7_cortexa9_0/include -MMD -MP -MF"src/helloworld.d" -MT"src/helloworld.o" -o "src/helloworld.o" "../src/helloworld.c"
'Finished building: ../src/helloworld.c'
' '
'Building file: ../src/kmp_checker.c'
'Invoking: ARM v7 gcc compiler'
arm-none-eabi-gcc -Wall -O0 -g3 -c -fmessage-length=0 -MT"src/kmp_checker.o" -mcpu=cortex-a9 -mfpu=vfpv3 -mfloat-abi=hard -I../../stfs_scheduling_app_bsp/ps7_cortexa9_0/include -MMD -MP -MF"src/kmp_checker.d" -MT"src/kmp_checker.o" -o "src/kmp_checker.o" "../src/kmp_checker.c"
../src/kmp_checker.c: In function 'kmp_operation':
../src/kmp_checker.c:19:14: warning: implicit declaration of function 'PR_execution' [-Wimplicit-function-declaration]
              PR_execution("kmp0.bin");
              ^~~~~~~~~~~~
../src/kmp_checker.c:44:25: warning: variable 'tmp' set but not used [-Wunused-but-set-variable]
                uint32_t tmp;
                         ^~~
../src/kmp_checker.c:87:16: warning: variable 'tmp' set but not used [-Wunused-but-set-variable]
       uint32_t tmp;
                ^~~
../src/kmp_checker.c:130:16: warning: variable 'tmp' set but not used [-Wunused-but-set-variable]
       uint32_t tmp;
                ^~~
'Finished building: ../src/kmp_checker.c'
' '
'Building file: ../src/scheduler.c'
'Invoking: ARM v7 gcc compiler'
arm-none-eabi-gcc -Wall -O0 -g3 -c -fmessage-length=0 -MT"src/scheduler.o" -mcpu=cortex-a9 -mfpu=vfpv3 -mfloat-abi=hard -I../../stfs_scheduling_app_bsp/ps7_cortexa9_0/include -MMD -MP -MF"src/scheduler.d" -MT"src/scheduler.o" -o "src/scheduler.o" "../src/scheduler.c"
../src/scheduler.c: In function 'scheduling':
../src/scheduler.c:23:11: warning: unused variable 'seed' [-Wunused-variable]
  uint32_t seed = 5;
           ^~~~
'Finished building: ../src/scheduler.c'
' '
'Building file: ../src/sha_checker.c'
'Invoking: ARM v7 gcc compiler'
arm-none-eabi-gcc -Wall -O0 -g3 -c -fmessage-length=0 -MT"src/sha_checker.o" -mcpu=cortex-a9 -mfpu=vfpv3 -mfloat-abi=hard -I../../stfs_scheduling_app_bsp/ps7_cortexa9_0/include -MMD -MP -MF"src/sha_checker.d" -MT"src/sha_checker.o" -o "src/sha_checker.o" "../src/sha_checker.c"
../src/sha_checker.c: In function 'sha_operation':
../src/sha_checker.c:39:18: warning: variable 'tmp' set but not used [-Wunused-but-set-variable]
         uint32_t tmp;
                  ^~~
../src/sha_checker.c:72:18: warning: variable 'tmp' set but not used [-Wunused-but-set-variable]
         uint32_t tmp;
                  ^~~
../src/sha_checker.c:104:18: warning: variable 'tmp' set but not used [-Wunused-but-set-variable]
         uint32_t tmp;
                  ^~~
'Finished building: ../src/sha_checker.c'
' '
'Building file: ../src/sha_profiling.c'
'Invoking: ARM v7 gcc compiler'
arm-none-eabi-gcc -Wall -O0 -g3 -c -fmessage-length=0 -MT"src/sha_profiling.o" -mcpu=cortex-a9 -mfpu=vfpv3 -mfloat-abi=hard -I../../stfs_scheduling_app_bsp/ps7_cortexa9_0/include -MMD -MP -MF"src/sha_profiling.d" -MT"src/sha_profiling.o" -o "src/sha_profiling.o" "../src/sha_profiling.c"
'Finished building: ../src/sha_profiling.c'
' '
'Building file: ../src/sort_checker.c'
'Invoking: ARM v7 gcc compiler'
arm-none-eabi-gcc -Wall -O0 -g3 -c -fmessage-length=0 -MT"src/sort_checker.o" -mcpu=cortex-a9 -mfpu=vfpv3 -mfloat-abi=hard -I../../stfs_scheduling_app_bsp/ps7_cortexa9_0/include -MMD -MP -MF"src/sort_checker.d" -MT"src/sort_checker.o" -o "src/sort_checker.o" "../src/sort_checker.c"
../src/sort_checker.c: In function 'sort_operation':
../src/sort_checker.c:40:29: warning: variable 'tmp' set but not used [-Wunused-but-set-variable]
                    uint32_t tmp;
                             ^~~
../src/sort_checker.c:75:29: warning: variable 'tmp' set but not used [-Wunused-but-set-variable]
                    uint32_t tmp;
                             ^~~
../src/sort_checker.c:110:29: warning: variable 'tmp' set but not used [-Wunused-but-set-variable]
                    uint32_t tmp;
                             ^~~
'Finished building: ../src/sort_checker.c'
' '
'Building file: ../src/sort_profiling.c'
'Invoking: ARM v7 gcc compiler'
arm-none-eabi-gcc -Wall -O0 -g3 -c -fmessage-length=0 -MT"src/sort_profiling.o" -mcpu=cortex-a9 -mfpu=vfpv3 -mfloat-abi=hard -I../../stfs_scheduling_app_bsp/ps7_cortexa9_0/include -MMD -MP -MF"src/sort_profiling.d" -MT"src/sort_profiling.o" -o "src/sort_profiling.o" "../src/sort_profiling.c"
'Finished building: ../src/sort_profiling.c'
' '
'Building file: ../src/spmv_checking.c'
'Invoking: ARM v7 gcc compiler'
arm-none-eabi-gcc -Wall -O0 -g3 -c -fmessage-length=0 -MT"src/spmv_checking.o" -mcpu=cortex-a9 -mfpu=vfpv3 -mfloat-abi=hard -I../../stfs_scheduling_app_bsp/ps7_cortexa9_0/include -MMD -MP -MF"src/spmv_checking.d" -MT"src/spmv_checking.o" -o "src/spmv_checking.o" "../src/spmv_checking.c"
../src/spmv_checking.c: In function 'spmv_operation':
../src/spmv_checking.c:12:14: warning: implicit declaration of function 'PR_execution' [-Wimplicit-function-declaration]
              PR_execution("spmv0.bin");
              ^~~~~~~~~~~~
../src/spmv_checking.c:42:29: warning: variable 'tmp' set but not used [-Wunused-but-set-variable]
                    uint32_t tmp;
                             ^~~
../src/spmv_checking.c:86:29: warning: variable 'tmp' set but not used [-Wunused-but-set-variable]
                    uint32_t tmp;
                             ^~~
../src/spmv_checking.c:130:29: warning: variable 'tmp' set but not used [-Wunused-but-set-variable]
                    uint32_t tmp;
                             ^~~
'Finished building: ../src/spmv_checking.c'
' '
'Building file: ../src/stencil_checker.c'
'Invoking: ARM v7 gcc compiler'
arm-none-eabi-gcc -Wall -O0 -g3 -c -fmessage-length=0 -MT"src/stencil_checker.o" -mcpu=cortex-a9 -mfpu=vfpv3 -mfloat-abi=hard -I../../stfs_scheduling_app_bsp/ps7_cortexa9_0/include -MMD -MP -MF"src/stencil_checker.d" -MT"src/stencil_checker.o" -o "src/stencil_checker.o" "../src/stencil_checker.c"
../src/stencil_checker.c: In function 'stencil_operation':
../src/stencil_checker.c:40:29: warning: variable 'tmp' set but not used [-Wunused-but-set-variable]
                    uint32_t tmp;
                             ^~~
../src/stencil_checker.c:76:29: warning: variable 'tmp' set but not used [-Wunused-but-set-variable]
                    uint32_t tmp;
                             ^~~
'Finished building: ../src/stencil_checker.c'
' '
'Building target: stfs_scheduling_app.elf'
'Invoking: ARM v7 gcc linker'
arm-none-eabi-gcc -mcpu=cortex-a9 -mfpu=vfpv3 -mfloat-abi=hard -Wl,-build-id=none -specs=Xilinx.spec -Wl,-T -Wl,../src/lscript.ld -L../../stfs_scheduling_app_bsp/ps7_cortexa9_0/lib -o "stfs_scheduling_app.elf"  ./src/PR_executer.o ./src/aes_checker.o ./src/bfs_checker.o ./src/fft_checker.o ./src/fft_profiling.o ./src/gemm_checker.o ./src/helloworld.o ./src/kmp_checker.o ./src/platform.o ./src/scheduler.o ./src/sha_checker.o ./src/sha_profiling.o ./src/sort_checker.o ./src/sort_profiling.o ./src/spmv_checking.o ./src/stencil_checker.o   -Wl,--start-group,-lxil,-lgcc,-lc,--end-group -Wl,--start-group,-lxilffs,-lxil,-lgcc,-lc,--end-group
'Finished building target: stfs_scheduling_app.elf'
' '
'Invoking: ARM v7 Print Size'
arm-none-eabi-size stfs_scheduling_app.elf  |tee "stfs_scheduling_app.elf.size"
   text	   data	    bss	    dec	    hex	filename
 128664	   3420	322131760	322263844	13355b24	stfs_scheduling_app.elf
'Finished building: stfs_scheduling_app.elf.size'
' '
