15:23:53 **** Auto Build of configuration Debug for project multiblock_sch_app ****
make pre-build main-build 
a9-linaro-pre-build-step
' '
'Building file: ../src/scheduler.c'
'Invoking: ARM v7 gcc compiler'
arm-none-eabi-gcc -Wall -O0 -g3 -c -fmessage-length=0 -MT"src/scheduler.o" -mcpu=cortex-a9 -mfpu=vfpv3 -mfloat-abi=hard -I../../multiblock_sch_app_bsp/ps7_cortexa9_0/include -MMD -MP -MF"src/scheduler.d" -MT"src/scheduler.o" -o "src/scheduler.o" "../src/scheduler.c"
'Finished building: ../src/scheduler.c'
' '
'Building target: multiblock_sch_app.elf'
'Invoking: ARM v7 gcc linker'
arm-none-eabi-gcc -mcpu=cortex-a9 -mfpu=vfpv3 -mfloat-abi=hard -Wl,-build-id=none -specs=Xilinx.spec -Wl,-T -Wl,../src/lscript.ld -L../../multiblock_sch_app_bsp/ps7_cortexa9_0/lib -o "multiblock_sch_app.elf"  ./src/PR_executer.o ./src/aes_checker.o ./src/bfs_checker.o ./src/fft_checker.o ./src/fft_profiling.o ./src/gemm_checker.o ./src/helloworld.o ./src/kmp_checker.o ./src/platform.o ./src/scheduler.o ./src/sha_checker.o ./src/sha_profiling.o ./src/sort_checker.o ./src/sort_profiling.o ./src/spmv_checking.o ./src/stencil_checker.o   -Wl,--start-group,-lxil,-lgcc,-lc,--end-group -Wl,--start-group,-lxilffs,-lxil,-lgcc,-lc,--end-group
'Finished building target: multiblock_sch_app.elf'
' '
'Invoking: ARM v7 Print Size'
arm-none-eabi-size multiblock_sch_app.elf  |tee "multiblock_sch_app.elf.size"
   text	   data	    bss	    dec	    hex	filename
 128680	   3420	322131760	322263860	13355b34	multiblock_sch_app.elf
'Finished building: multiblock_sch_app.elf.size'
' '

15:23:54 Build Finished (took 662ms)

